<?xml version="1.0" encoding="ISO-8859-1" ?>
<link_info>
   <banner>TI ARM Linker PC v20.2.2.LTS</banner>
   <copyright>Copyright (c) 1996-2018 Texas Instruments Incorporated</copyright>
   <link_time>0x608a26da</link_time>
   <link_errors>0x0</link_errors>
   <output_file>Jacki_FSM.out</output_file>
   <entry_point>
      <name>_c_int00_noargs</name>
      <address>0x3269</address>
   </entry_point>
   <input_file_list>
      <input_file id="fl-2">
         <path>.\</path>
         <kind>object</kind>
         <file>ADC14.obj</file>
         <name>ADC14.obj</name>
      </input_file>
      <input_file id="fl-3">
         <path>.\</path>
         <kind>object</kind>
         <file>AP.obj</file>
         <name>AP.obj</name>
      </input_file>
      <input_file id="fl-4">
         <path>.\</path>
         <kind>object</kind>
         <file>Bump.obj</file>
         <name>Bump.obj</name>
      </input_file>
      <input_file id="fl-5">
         <path>.\</path>
         <kind>object</kind>
         <file>Clock.obj</file>
         <name>Clock.obj</name>
      </input_file>
      <input_file id="fl-6">
         <path>.\</path>
         <kind>object</kind>
         <file>CortexM.obj</file>
         <name>CortexM.obj</name>
      </input_file>
      <input_file id="fl-7">
         <path>.\</path>
         <kind>object</kind>
         <file>EUSCIA0.obj</file>
         <name>EUSCIA0.obj</name>
      </input_file>
      <input_file id="fl-8">
         <path>.\</path>
         <kind>object</kind>
         <file>FIFO0.obj</file>
         <name>FIFO0.obj</name>
      </input_file>
      <input_file id="fl-9">
         <path>.\</path>
         <kind>object</kind>
         <file>FlashProgram.obj</file>
         <name>FlashProgram.obj</name>
      </input_file>
      <input_file id="fl-a">
         <path>.\</path>
         <kind>object</kind>
         <file>GPIO.obj</file>
         <name>GPIO.obj</name>
      </input_file>
      <input_file id="fl-b">
         <path>.\</path>
         <kind>object</kind>
         <file>IRDistance.obj</file>
         <name>IRDistance.obj</name>
      </input_file>
      <input_file id="fl-c">
         <path>.\</path>
         <kind>object</kind>
         <file>JackiFSMmain.obj</file>
         <name>JackiFSMmain.obj</name>
      </input_file>
      <input_file id="fl-d">
         <path>.\</path>
         <kind>object</kind>
         <file>LPF.obj</file>
         <name>LPF.obj</name>
      </input_file>
      <input_file id="fl-e">
         <path>.\</path>
         <kind>object</kind>
         <file>LaunchPad.obj</file>
         <name>LaunchPad.obj</name>
      </input_file>
      <input_file id="fl-f">
         <path>.\</path>
         <kind>object</kind>
         <file>Motor.obj</file>
         <name>Motor.obj</name>
      </input_file>
      <input_file id="fl-10">
         <path>.\</path>
         <kind>object</kind>
         <file>PWM.obj</file>
         <name>PWM.obj</name>
      </input_file>
      <input_file id="fl-11">
         <path>.\</path>
         <kind>object</kind>
         <file>Reflectance.obj</file>
         <name>Reflectance.obj</name>
      </input_file>
      <input_file id="fl-12">
         <path>.\</path>
         <kind>object</kind>
         <file>SSD1306.obj</file>
         <name>SSD1306.obj</name>
      </input_file>
      <input_file id="fl-13">
         <path>.\</path>
         <kind>object</kind>
         <file>SysTickInts.obj</file>
         <name>SysTickInts.obj</name>
      </input_file>
      <input_file id="fl-14">
         <path>.\</path>
         <kind>object</kind>
         <file>TA2InputCapture.obj</file>
         <name>TA2InputCapture.obj</name>
      </input_file>
      <input_file id="fl-15">
         <path>.\</path>
         <kind>object</kind>
         <file>TA3InputCapture.obj</file>
         <name>TA3InputCapture.obj</name>
      </input_file>
      <input_file id="fl-16">
         <path>.\</path>
         <kind>object</kind>
         <file>TExaS.obj</file>
         <name>TExaS.obj</name>
      </input_file>
      <input_file id="fl-17">
         <path>.\</path>
         <kind>object</kind>
         <file>Tachometer.obj</file>
         <name>Tachometer.obj</name>
      </input_file>
      <input_file id="fl-18">
         <path>.\</path>
         <kind>object</kind>
         <file>TimerA0.obj</file>
         <name>TimerA0.obj</name>
      </input_file>
      <input_file id="fl-19">
         <path>.\</path>
         <kind>object</kind>
         <file>TimerA1.obj</file>
         <name>TimerA1.obj</name>
      </input_file>
      <input_file id="fl-1a">
         <path>.\</path>
         <kind>object</kind>
         <file>UART1.obj</file>
         <name>UART1.obj</name>
      </input_file>
      <input_file id="fl-1b">
         <path>.\</path>
         <kind>object</kind>
         <file>odometry.obj</file>
         <name>odometry.obj</name>
      </input_file>
      <input_file id="fl-1c">
         <path>.\</path>
         <kind>object</kind>
         <file>startup_msp432p401r_ccs.obj</file>
         <name>startup_msp432p401r_ccs.obj</name>
      </input_file>
      <input_file id="fl-1d">
         <path>.\</path>
         <kind>object</kind>
         <file>system_msp432p401r.obj</file>
         <name>system_msp432p401r.obj</name>
      </input_file>
      <input_file id="fl-21">
         <kind>object</kind>
         <file>&lt;internal&gt;</file>
         <name>&lt;internal&gt;</name>
      </input_file>
      <input_file id="fl-d7">
         <path>C:\ti\ccs1020\ccs\tools\compiler\ti-cgt-arm_20.2.2.LTS\lib\</path>
         <kind>archive</kind>
         <file>rtsv7M4_T_le_v4SPD16_eabi.lib</file>
         <name>fd_mul_t2.asm.obj</name>
      </input_file>
      <input_file id="fl-d8">
         <path>C:\ti\ccs1020\ccs\tools\compiler\ti-cgt-arm_20.2.2.LTS\lib\</path>
         <kind>archive</kind>
         <file>rtsv7M4_T_le_v4SPD16_eabi.lib</file>
         <name>fd_toi_t2.asm.obj</name>
      </input_file>
      <input_file id="fl-d9">
         <path>C:\ti\ccs1020\ccs\tools\compiler\ti-cgt-arm_20.2.2.LTS\lib\</path>
         <kind>archive</kind>
         <file>rtsv7M4_T_le_v4SPD16_eabi.lib</file>
         <name>i_tofd_t2.asm.obj</name>
      </input_file>
      <input_file id="fl-da">
         <path>C:\ti\ccs1020\ccs\tools\compiler\ti-cgt-arm_20.2.2.LTS\lib\</path>
         <kind>archive</kind>
         <file>rtsv7M4_T_le_v4SPD16_eabi.lib</file>
         <name>copy_zero_init.c.obj</name>
      </input_file>
      <input_file id="fl-db">
         <path>C:\ti\ccs1020\ccs\tools\compiler\ti-cgt-arm_20.2.2.LTS\lib\</path>
         <kind>archive</kind>
         <file>rtsv7M4_T_le_v4SPD16_eabi.lib</file>
         <name>copy_decompress_none.c.obj</name>
      </input_file>
      <input_file id="fl-dc">
         <path>C:\ti\ccs1020\ccs\tools\compiler\ti-cgt-arm_20.2.2.LTS\lib\</path>
         <kind>archive</kind>
         <file>rtsv7M4_T_le_v4SPD16_eabi.lib</file>
         <name>copy_decompress_lzss.c.obj</name>
      </input_file>
      <input_file id="fl-dd">
         <path>C:\ti\ccs1020\ccs\tools\compiler\ti-cgt-arm_20.2.2.LTS\lib\</path>
         <kind>archive</kind>
         <file>rtsv7M4_T_le_v4SPD16_eabi.lib</file>
         <name>boot_cortex_m.c.obj</name>
      </input_file>
      <input_file id="fl-de">
         <path>C:\ti\ccs1020\ccs\tools\compiler\ti-cgt-arm_20.2.2.LTS\lib\</path>
         <kind>archive</kind>
         <file>rtsv7M4_T_le_v4SPD16_eabi.lib</file>
         <name>memcpy_t2.asm.obj</name>
      </input_file>
      <input_file id="fl-df">
         <path>C:\ti\ccs1020\ccs\tools\compiler\ti-cgt-arm_20.2.2.LTS\lib\</path>
         <kind>archive</kind>
         <file>rtsv7M4_T_le_v4SPD16_eabi.lib</file>
         <name>memset_t2.asm.obj</name>
      </input_file>
      <input_file id="fl-e0">
         <path>C:\ti\ccs1020\ccs\tools\compiler\ti-cgt-arm_20.2.2.LTS\lib\</path>
         <kind>archive</kind>
         <file>rtsv7M4_T_le_v4SPD16_eabi.lib</file>
         <name>autoinit.c.obj</name>
      </input_file>
      <input_file id="fl-e1">
         <path>C:\ti\ccs1020\ccs\tools\compiler\ti-cgt-arm_20.2.2.LTS\lib\</path>
         <kind>archive</kind>
         <file>rtsv7M4_T_le_v4SPD16_eabi.lib</file>
         <name>pre_init.c.obj</name>
      </input_file>
      <input_file id="fl-e2">
         <path>C:\ti\ccs1020\ccs\tools\compiler\ti-cgt-arm_20.2.2.LTS\lib\</path>
         <kind>archive</kind>
         <file>rtsv7M4_T_le_v4SPD16_eabi.lib</file>
         <name>cpy_tbl.c.obj</name>
      </input_file>
      <input_file id="fl-e3">
         <path>C:\ti\ccs1020\ccs\tools\compiler\ti-cgt-arm_20.2.2.LTS\lib\</path>
         <kind>archive</kind>
         <file>rtsv7M4_T_le_v4SPD16_eabi.lib</file>
         <name>exit.c.obj</name>
      </input_file>
      <input_file id="fl-e4">
         <path>C:\ti\ccs1020\ccs\tools\compiler\ti-cgt-arm_20.2.2.LTS\lib\</path>
         <kind>archive</kind>
         <file>rtsv7M4_T_le_v4SPD16_eabi.lib</file>
         <name>_lock.c.obj</name>
      </input_file>
      <input_file id="fl-e5">
         <path>C:\ti\ccs1020\ccs\tools\compiler\ti-cgt-arm_20.2.2.LTS\lib\</path>
         <kind>archive</kind>
         <file>rtsv7M4_T_le_v4SPD16_eabi.lib</file>
         <name>args_main.c.obj</name>
      </input_file>
   </input_file_list>
   <object_component_list>
      <object_component id="oc-26">
         <name>.intvecs:retain</name>
         <load_address>0x0</load_address>
         <run_address>0x0</run_address>
         <size>0xe4</size>
         <input_file_ref idref="fl-1c"/>
      </object_component>
      <object_component id="oc-6d">
         <name>.text</name>
         <load_address>0xe4</load_address>
         <run_address>0xe4</run_address>
         <size>0x72c</size>
         <input_file_ref idref="fl-c"/>
      </object_component>
      <object_component id="oc-97">
         <name>.text</name>
         <load_address>0x810</load_address>
         <run_address>0x810</run_address>
         <size>0x6c8</size>
         <input_file_ref idref="fl-16"/>
      </object_component>
      <object_component id="oc-8b">
         <name>.text</name>
         <load_address>0xed8</load_address>
         <run_address>0xed8</run_address>
         <size>0x5b6</size>
         <input_file_ref idref="fl-7"/>
      </object_component>
      <object_component id="oc-1b0">
         <name>.text</name>
         <load_address>0x1490</load_address>
         <run_address>0x1490</run_address>
         <size>0x420</size>
         <input_file_ref idref="fl-10"/>
      </object_component>
      <object_component id="oc-ee">
         <name>.text</name>
         <load_address>0x18b0</load_address>
         <run_address>0x18b0</run_address>
         <size>0x3a0</size>
         <input_file_ref idref="fl-d"/>
      </object_component>
      <object_component id="oc-cf">
         <name>.text</name>
         <load_address>0x1c50</load_address>
         <run_address>0x1c50</run_address>
         <size>0x32c</size>
         <input_file_ref idref="fl-1d"/>
      </object_component>
      <object_component id="oc-138">
         <name>.text</name>
         <load_address>0x1f7c</load_address>
         <run_address>0x1f7c</run_address>
         <size>0x1f0</size>
         <input_file_ref idref="fl-8"/>
      </object_component>
      <object_component id="oc-e8">
         <name>.text</name>
         <load_address>0x216c</load_address>
         <run_address>0x216c</run_address>
         <size>0x1e0</size>
         <input_file_ref idref="fl-5"/>
      </object_component>
      <object_component id="oc-85">
         <name>.text</name>
         <load_address>0x234c</load_address>
         <run_address>0x234c</run_address>
         <size>0x1d4</size>
         <input_file_ref idref="fl-15"/>
      </object_component>
      <object_component id="oc-100">
         <name>.text</name>
         <load_address>0x2520</load_address>
         <run_address>0x2520</run_address>
         <size>0x1c8</size>
         <input_file_ref idref="fl-11"/>
      </object_component>
      <object_component id="oc-91">
         <name>.text</name>
         <load_address>0x26e8</load_address>
         <run_address>0x26e8</run_address>
         <size>0x1a4</size>
         <input_file_ref idref="fl-1a"/>
      </object_component>
      <object_component id="oc-d6">
         <name>.text</name>
         <load_address>0x288c</load_address>
         <run_address>0x288c</run_address>
         <size>0x18c</size>
         <input_file_ref idref="fl-f"/>
      </object_component>
      <object_component id="oc-dc">
         <name>.text</name>
         <load_address>0x2a18</load_address>
         <run_address>0x2a18</run_address>
         <size>0x13c</size>
         <input_file_ref idref="fl-17"/>
      </object_component>
      <object_component id="oc-7f">
         <name>.text</name>
         <load_address>0x2b54</load_address>
         <run_address>0x2b54</run_address>
         <size>0x110</size>
         <input_file_ref idref="fl-14"/>
      </object_component>
      <object_component id="oc-1fb">
         <name>.text</name>
         <load_address>0x2c64</load_address>
         <run_address>0x2c64</run_address>
         <size>0xfc</size>
         <input_file_ref idref="fl-d7"/>
      </object_component>
      <object_component id="oc-fa">
         <name>.text</name>
         <load_address>0x2d60</load_address>
         <run_address>0x2d60</run_address>
         <size>0xdc</size>
         <input_file_ref idref="fl-4"/>
      </object_component>
      <object_component id="oc-73">
         <name>.text</name>
         <load_address>0x2e3c</load_address>
         <run_address>0x2e3c</run_address>
         <size>0xac</size>
         <input_file_ref idref="fl-18"/>
      </object_component>
      <object_component id="oc-79">
         <name>.text</name>
         <load_address>0x2ee8</load_address>
         <run_address>0x2ee8</run_address>
         <size>0xa8</size>
         <input_file_ref idref="fl-19"/>
      </object_component>
      <object_component id="oc-37">
         <name>.text</name>
         <load_address>0x2f90</load_address>
         <run_address>0x2f90</run_address>
         <size>0x9c</size>
         <input_file_ref idref="fl-de"/>
      </object_component>
      <object_component id="oc-106">
         <name>.text</name>
         <load_address>0x302c</load_address>
         <run_address>0x302c</run_address>
         <size>0x8c</size>
         <input_file_ref idref="fl-b"/>
      </object_component>
      <object_component id="oc-b7">
         <name>.text</name>
         <load_address>0x30b8</load_address>
         <run_address>0x30b8</run_address>
         <size>0x7a</size>
         <input_file_ref idref="fl-df"/>
      </object_component>
      <object_component id="oc-17">
         <name>.text:decompress:lzss:__TI_decompress_lzss</name>
         <load_address>0x3132</load_address>
         <run_address>0x3132</run_address>
         <size>0x68</size>
         <input_file_ref idref="fl-dc"/>
      </object_component>
      <object_component id="oc-200">
         <name>.text</name>
         <load_address>0x319a</load_address>
         <run_address>0x319a</run_address>
         <size>0x48</size>
         <input_file_ref idref="fl-d8"/>
      </object_component>
      <object_component id="oc-17a">
         <name>.text:__TI_auto_init_nobinit_nopinit:__TI_auto_init_nobinit_nopinit</name>
         <load_address>0x31e4</load_address>
         <run_address>0x31e4</run_address>
         <size>0x44</size>
         <input_file_ref idref="fl-e0"/>
      </object_component>
      <object_component id="oc-10f">
         <name>.text</name>
         <load_address>0x3228</load_address>
         <run_address>0x3228</run_address>
         <size>0x40</size>
         <input_file_ref idref="fl-13"/>
      </object_component>
      <object_component id="oc-55">
         <name>.text:_c_int00_noargs:_c_int00_noargs</name>
         <load_address>0x3268</load_address>
         <run_address>0x3268</run_address>
         <size>0x34</size>
         <input_file_ref idref="fl-dd"/>
      </object_component>
      <object_component id="oc-1f6">
         <name>.text</name>
         <load_address>0x329c</load_address>
         <run_address>0x329c</run_address>
         <size>0x2e</size>
         <input_file_ref idref="fl-d9"/>
      </object_component>
      <object_component id="oc-f4">
         <name>.text</name>
         <load_address>0x32ca</load_address>
         <run_address>0x32ca</run_address>
         <size>0x24</size>
         <input_file_ref idref="fl-6"/>
      </object_component>
      <object_component id="oc-1d">
         <name>.text:decompress:none:__TI_decompress_none</name>
         <load_address>0x32ee</load_address>
         <run_address>0x32ee</run_address>
         <size>0xe</size>
         <input_file_ref idref="fl-db"/>
      </object_component>
      <object_component id="oc-67">
         <name>.text</name>
         <load_address>0x32fc</load_address>
         <run_address>0x32fc</run_address>
         <size>0xe</size>
         <input_file_ref idref="fl-1c"/>
      </object_component>
      <object_component id="oc-49">
         <name>.text:decompress:ZI:__TI_zero_init</name>
         <load_address>0x330a</load_address>
         <run_address>0x330a</run_address>
         <size>0xc</size>
         <input_file_ref idref="fl-da"/>
      </object_component>
      <object_component id="oc-bd">
         <name>.text:_system_pre_init</name>
         <load_address>0x3316</load_address>
         <run_address>0x3316</run_address>
         <size>0x4</size>
         <input_file_ref idref="fl-e1"/>
      </object_component>
      <object_component id="oc-16e">
         <name>.text:abort:abort</name>
         <load_address>0x331a</load_address>
         <run_address>0x331a</run_address>
         <size>0x4</size>
         <input_file_ref idref="fl-e3"/>
      </object_component>
      <object_component id="oc-1ef">
         <name>.const:Mask</name>
         <load_address>0x3320</load_address>
         <run_address>0x3320</run_address>
         <size>0x20</size>
         <input_file_ref idref="fl-11"/>
      </object_component>
      <object_component id="oc-1f2">
         <name>.const:Weight</name>
         <load_address>0x3340</load_address>
         <run_address>0x3340</run_address>
         <size>0x20</size>
         <input_file_ref idref="fl-11"/>
      </object_component>
      <object_component id="oc-2d0">
         <name>.cinit..data.load</name>
         <load_address>0x3360</load_address>
         <run_address>0x3360</run_address>
         <size>0x21</size>
      </object_component>
      <object_component id="oc-2ce">
         <name>__TI_handler_table</name>
         <load_address>0x3384</load_address>
         <run_address>0x3384</run_address>
         <size>0xc</size>
      </object_component>
      <object_component id="oc-2d1">
         <name>.cinit..bss.load</name>
         <load_address>0x3390</load_address>
         <run_address>0x3390</run_address>
         <size>0x8</size>
      </object_component>
      <object_component id="oc-2cf">
         <name>__TI_cinit_table</name>
         <load_address>0x3398</load_address>
         <run_address>0x3398</run_address>
         <size>0x10</size>
      </object_component>
      <object_component id="oc-2a2">
         <name>.binit</name>
         <load_address>0x0</load_address>
         <run_address>0x0</run_address>
         <size>0x0</size>
      </object_component>
      <object_component id="oc-1d4">
         <name>.data</name>
         <load_address>0x20003310</load_address>
         <run_address>0x20003310</run_address>
         <size>0x18</size>
         <input_file_ref idref="fl-5"/>
      </object_component>
      <object_component id="oc-e5">
         <name>.data</name>
         <load_address>0x20003340</load_address>
         <run_address>0x20003340</run_address>
         <size>0xa</size>
         <input_file_ref idref="fl-c"/>
      </object_component>
      <object_component id="oc-12e">
         <name>.data</name>
         <load_address>0x20003358</load_address>
         <run_address>0x20003358</run_address>
         <size>0x8</size>
         <input_file_ref idref="fl-14"/>
      </object_component>
      <object_component id="oc-133">
         <name>.data</name>
         <load_address>0x20003328</load_address>
         <run_address>0x20003328</run_address>
         <size>0xc</size>
         <input_file_ref idref="fl-15"/>
      </object_component>
      <object_component id="oc-14d">
         <name>.data</name>
         <load_address>0x20003334</load_address>
         <run_address>0x20003334</run_address>
         <size>0xc</size>
         <input_file_ref idref="fl-16"/>
      </object_component>
      <object_component id="oc-1bb">
         <name>.data</name>
         <load_address>0x2000334c</load_address>
         <run_address>0x2000334c</run_address>
         <size>0xa</size>
         <input_file_ref idref="fl-17"/>
      </object_component>
      <object_component id="oc-1ac">
         <name>.data</name>
         <load_address>0x20003360</load_address>
         <run_address>0x20003360</run_address>
         <size>0x4</size>
         <input_file_ref idref="fl-1d"/>
      </object_component>
      <object_component id="oc-218">
         <name>.bss:TxBuff</name>
         <uninitialized>true</uninitialized>
         <run_address>0x20003200</run_address>
         <size>0x40</size>
         <input_file_ref idref="fl-8"/>
      </object_component>
      <object_component id="oc-21e">
         <name>.bss</name>
         <uninitialized>true</uninitialized>
         <run_address>0x20003298</run_address>
         <size>0x4</size>
         <input_file_ref idref="fl-8"/>
      </object_component>
      <object_component id="oc-221">
         <name>.bss:RxBuff</name>
         <uninitialized>true</uninitialized>
         <run_address>0x20003280</run_address>
         <size>0x10</size>
         <input_file_ref idref="fl-8"/>
      </object_component>
      <object_component id="oc-141">
         <name>.common:Messageindexc</name>
         <uninitialized>true</uninitialized>
         <run_address>0x200032b0</run_address>
         <size>0x4</size>
      </object_component>
      <object_component id="oc-13e">
         <name>.common:Messagec</name>
         <uninitialized>true</uninitialized>
         <run_address>0x20003290</run_address>
         <size>0x8</size>
      </object_component>
      <object_component id="oc-21b">
         <name>.common:TxHistogram</name>
         <uninitialized>true</uninitialized>
         <run_address>0x20003100</run_address>
         <size>0x100</size>
      </object_component>
      <object_component id="oc-224">
         <name>.common:RxHistogram</name>
         <uninitialized>true</uninitialized>
         <run_address>0x20003240</run_address>
         <size>0x40</size>
      </object_component>
      <object_component id="oc-116">
         <name>.common:nr</name>
         <uninitialized>true</uninitialized>
         <run_address>0x200032ec</run_address>
         <size>0x4</size>
      </object_component>
      <object_component id="oc-10e">
         <name>.common:nc</name>
         <uninitialized>true</uninitialized>
         <run_address>0x200032e8</run_address>
         <size>0x4</size>
      </object_component>
      <object_component id="oc-e2">
         <name>.common:Right</name>
         <uninitialized>true</uninitialized>
         <run_address>0x200032c4</run_address>
         <size>0x4</size>
      </object_component>
      <object_component id="oc-118">
         <name>.common:Center</name>
         <uninitialized>true</uninitialized>
         <run_address>0x2000329c</run_address>
         <size>0x4</size>
      </object_component>
      <object_component id="oc-10c">
         <name>.common:LineReading</name>
         <uninitialized>true</uninitialized>
         <run_address>0x20003309</run_address>
         <size>0x1</size>
      </object_component>
      <object_component id="oc-117">
         <name>.common:Time</name>
         <uninitialized>true</uninitialized>
         <run_address>0x200032d8</run_address>
         <size>0x4</size>
      </object_component>
      <object_component id="oc-115">
         <name>.common:rtime</name>
         <uninitialized>true</uninitialized>
         <run_address>0x200032f0</run_address>
         <size>0x4</size>
      </object_component>
      <object_component id="oc-10d">
         <name>.common:ctime</name>
         <uninitialized>true</uninitialized>
         <run_address>0x200032e4</run_address>
         <size>0x4</size>
      </object_component>
      <object_component id="oc-119">
         <name>.common:FWall</name>
         <uninitialized>true</uninitialized>
         <run_address>0x20003308</run_address>
         <size>0x1</size>
      </object_component>
      <object_component id="oc-11a">
         <name>.common:RWall</name>
         <uninitialized>true</uninitialized>
         <run_address>0x2000330b</run_address>
         <size>0x1</size>
      </object_component>
      <object_component id="oc-1dd">
         <name>.common:Size</name>
         <uninitialized>true</uninitialized>
         <run_address>0x200032d4</run_address>
         <size>0x4</size>
      </object_component>
      <object_component id="oc-1db">
         <name>.common:x</name>
         <uninitialized>true</uninitialized>
         <run_address>0x20000000</run_address>
         <size>0x1000</size>
      </object_component>
      <object_component id="oc-1d8">
         <name>.common:Pt</name>
         <uninitialized>true</uninitialized>
         <run_address>0x200032b8</run_address>
         <size>0x4</size>
      </object_component>
      <object_component id="oc-1de">
         <name>.common:I1</name>
         <uninitialized>true</uninitialized>
         <run_address>0x200032a0</run_address>
         <size>0x4</size>
      </object_component>
      <object_component id="oc-1dc">
         <name>.common:LPFSum</name>
         <uninitialized>true</uninitialized>
         <run_address>0x200032a4</run_address>
         <size>0x4</size>
      </object_component>
      <object_component id="oc-1e0">
         <name>.common:x2</name>
         <uninitialized>true</uninitialized>
         <run_address>0x20001000</run_address>
         <size>0x1000</size>
      </object_component>
      <object_component id="oc-1df">
         <name>.common:Pt2</name>
         <uninitialized>true</uninitialized>
         <run_address>0x200032bc</run_address>
         <size>0x4</size>
      </object_component>
      <object_component id="oc-1e1">
         <name>.common:LPFSum2</name>
         <uninitialized>true</uninitialized>
         <run_address>0x200032a8</run_address>
         <size>0x4</size>
      </object_component>
      <object_component id="oc-1e3">
         <name>.common:x3</name>
         <uninitialized>true</uninitialized>
         <run_address>0x20002000</run_address>
         <size>0x1000</size>
      </object_component>
      <object_component id="oc-1e2">
         <name>.common:Pt3</name>
         <uninitialized>true</uninitialized>
         <run_address>0x200032c0</run_address>
         <size>0x4</size>
      </object_component>
      <object_component id="oc-1e4">
         <name>.common:LPFSum3</name>
         <uninitialized>true</uninitialized>
         <run_address>0x200032ac</run_address>
         <size>0x4</size>
      </object_component>
      <object_component id="oc-1e7">
         <name>.common:u1</name>
         <uninitialized>true</uninitialized>
         <run_address>0x200032f4</run_address>
         <size>0x4</size>
      </object_component>
      <object_component id="oc-1e6">
         <name>.common:u2</name>
         <uninitialized>true</uninitialized>
         <run_address>0x200032f8</run_address>
         <size>0x4</size>
      </object_component>
      <object_component id="oc-1e5">
         <name>.common:u3</name>
         <uninitialized>true</uninitialized>
         <run_address>0x200032fc</run_address>
         <size>0x4</size>
      </object_component>
      <object_component id="oc-1ec">
         <name>.common:Reflectanceresult</name>
         <uninitialized>true</uninitialized>
         <run_address>0x2000330c</run_address>
         <size>0x1</size>
      </object_component>
      <object_component id="oc-14a">
         <name>.common:LogicData</name>
         <uninitialized>true</uninitialized>
         <run_address>0x2000330a</run_address>
         <size>0x1</size>
      </object_component>
      <object_component id="oc-150">
         <name>.common:PeriodicTask2</name>
         <uninitialized>true</uninitialized>
         <run_address>0x200032b4</run_address>
         <size>0x4</size>
      </object_component>
      <object_component id="oc-1b7">
         <name>.common:Tachometer_FirstRightTime</name>
         <uninitialized>true</uninitialized>
         <run_address>0x20003302</run_address>
         <size>0x2</size>
      </object_component>
      <object_component id="oc-1ba">
         <name>.common:Tachometer_SecondRightTime</name>
         <uninitialized>true</uninitialized>
         <run_address>0x20003306</run_address>
         <size>0x2</size>
      </object_component>
      <object_component id="oc-1be">
         <name>.common:Tachometer_FirstLeftTime</name>
         <uninitialized>true</uninitialized>
         <run_address>0x20003300</run_address>
         <size>0x2</size>
      </object_component>
      <object_component id="oc-1bf">
         <name>.common:Tachometer_SecondLeftTime</name>
         <uninitialized>true</uninitialized>
         <run_address>0x20003304</run_address>
         <size>0x2</size>
      </object_component>
      <object_component id="oc-126">
         <name>.common:TimerA0Task</name>
         <uninitialized>true</uninitialized>
         <run_address>0x200032dc</run_address>
         <size>0x4</size>
      </object_component>
      <object_component id="oc-12a">
         <name>.common:TimerA1Task</name>
         <uninitialized>true</uninitialized>
         <run_address>0x200032e0</run_address>
         <size>0x4</size>
      </object_component>
      <object_component id="oc-143">
         <name>.common:RxPutI</name>
         <uninitialized>true</uninitialized>
         <run_address>0x200032d0</run_address>
         <size>0x4</size>
      </object_component>
      <object_component id="oc-146">
         <name>.common:RxGetI</name>
         <uninitialized>true</uninitialized>
         <run_address>0x200032cc</run_address>
         <size>0x4</size>
      </object_component>
      <object_component id="oc-147">
         <name>.common:RxFifoLost</name>
         <uninitialized>true</uninitialized>
         <run_address>0x200032c8</run_address>
         <size>0x4</size>
      </object_component>
      <object_component id="oc-148">
         <name>.common:RxFIFO</name>
         <uninitialized>true</uninitialized>
         <run_address>0x20003000</run_address>
         <size>0x100</size>
      </object_component>
      <object_component id="oc-29">
         <name>.stack</name>
         <uninitialized>true</uninitialized>
         <run_address>0x2000fe00</run_address>
         <size>0x4</size>
         <input_file_ref idref="fl-dd"/>
      </object_component>
      <object_component id="oc-2d3">
         <name>.stack</name>
         <uninitialized>true</uninitialized>
         <run_address>0x2000fe00</run_address>
         <size>0x0</size>
      </object_component>
      <object_component id="oc-22e">
         <name>.debug_info</name>
         <load_address>0x0</load_address>
         <run_address>0x0</run_address>
         <size>0x596</size>
         <input_file_ref idref="fl-2"/>
      </object_component>
      <object_component id="oc-1c3">
         <name>.debug_info</name>
         <load_address>0x596</load_address>
         <run_address>0x596</run_address>
         <size>0x37e2</size>
         <input_file_ref idref="fl-2"/>
      </object_component>
      <object_component id="oc-159">
         <name>.debug_info</name>
         <load_address>0x3d78</load_address>
         <run_address>0x3d78</run_address>
         <size>0x26b</size>
         <input_file_ref idref="fl-2"/>
      </object_component>
      <object_component id="oc-1c8">
         <name>.debug_info</name>
         <load_address>0x3fe3</load_address>
         <run_address>0x3fe3</run_address>
         <size>0x1055</size>
         <input_file_ref idref="fl-2"/>
      </object_component>
      <object_component id="oc-32">
         <name>.debug_info</name>
         <load_address>0x5038</load_address>
         <run_address>0x5038</run_address>
         <size>0x84</size>
         <input_file_ref idref="fl-2"/>
      </object_component>
      <object_component id="oc-207">
         <name>.debug_info</name>
         <load_address>0x50bc</load_address>
         <run_address>0x50bc</run_address>
         <size>0x2a4</size>
         <input_file_ref idref="fl-2"/>
      </object_component>
      <object_component id="oc-121">
         <name>.debug_info</name>
         <load_address>0x5360</load_address>
         <run_address>0x5360</run_address>
         <size>0xbb</size>
         <input_file_ref idref="fl-2"/>
      </object_component>
      <object_component id="oc-1eb">
         <name>.debug_info</name>
         <load_address>0x541b</load_address>
         <run_address>0x541b</run_address>
         <size>0x5a1</size>
         <input_file_ref idref="fl-4"/>
      </object_component>
      <object_component id="oc-fb">
         <name>.debug_info</name>
         <load_address>0x59bc</load_address>
         <run_address>0x59bc</run_address>
         <size>0x310</size>
         <input_file_ref idref="fl-4"/>
      </object_component>
      <object_component id="oc-1d5">
         <name>.debug_info</name>
         <load_address>0x5ccc</load_address>
         <run_address>0x5ccc</run_address>
         <size>0x1ec</size>
         <input_file_ref idref="fl-5"/>
      </object_component>
      <object_component id="oc-ea">
         <name>.debug_info</name>
         <load_address>0x5eb8</load_address>
         <run_address>0x5eb8</run_address>
         <size>0x5c2</size>
         <input_file_ref idref="fl-5"/>
      </object_component>
      <object_component id="oc-f8">
         <name>.debug_info</name>
         <load_address>0x647a</load_address>
         <run_address>0x647a</run_address>
         <size>0x583</size>
         <input_file_ref idref="fl-6"/>
      </object_component>
      <object_component id="oc-13f">
         <name>.debug_info</name>
         <load_address>0x69fd</load_address>
         <run_address>0x69fd</run_address>
         <size>0x6e2</size>
         <input_file_ref idref="fl-7"/>
      </object_component>
      <object_component id="oc-8c">
         <name>.debug_info</name>
         <load_address>0x70df</load_address>
         <run_address>0x70df</run_address>
         <size>0x185b</size>
         <input_file_ref idref="fl-7"/>
      </object_component>
      <object_component id="oc-21c">
         <name>.debug_info</name>
         <load_address>0x893a</load_address>
         <run_address>0x893a</run_address>
         <size>0x356</size>
         <input_file_ref idref="fl-8"/>
      </object_component>
      <object_component id="oc-219">
         <name>.debug_info</name>
         <load_address>0x8c90</load_address>
         <run_address>0x8c90</run_address>
         <size>0x134</size>
         <input_file_ref idref="fl-8"/>
      </object_component>
      <object_component id="oc-21f">
         <name>.debug_info</name>
         <load_address>0x8dc4</load_address>
         <run_address>0x8dc4</run_address>
         <size>0x188</size>
         <input_file_ref idref="fl-8"/>
      </object_component>
      <object_component id="oc-222">
         <name>.debug_info</name>
         <load_address>0x8f4c</load_address>
         <run_address>0x8f4c</run_address>
         <size>0x134</size>
         <input_file_ref idref="fl-8"/>
      </object_component>
      <object_component id="oc-139">
         <name>.debug_info</name>
         <load_address>0x9080</load_address>
         <run_address>0x9080</run_address>
         <size>0x90e</size>
         <input_file_ref idref="fl-8"/>
      </object_component>
      <object_component id="oc-107">
         <name>.debug_info</name>
         <load_address>0x998e</load_address>
         <run_address>0x998e</run_address>
         <size>0x4fd</size>
         <input_file_ref idref="fl-b"/>
      </object_component>
      <object_component id="oc-e3">
         <name>.debug_info</name>
         <load_address>0x9e8b</load_address>
         <run_address>0x9e8b</run_address>
         <size>0xcbd</size>
         <input_file_ref idref="fl-c"/>
      </object_component>
      <object_component id="oc-e6">
         <name>.debug_info</name>
         <load_address>0xab48</load_address>
         <run_address>0xab48</run_address>
         <size>0x1a6</size>
         <input_file_ref idref="fl-c"/>
      </object_component>
      <object_component id="oc-6f">
         <name>.debug_info</name>
         <load_address>0xacee</load_address>
         <run_address>0xacee</run_address>
         <size>0x1066</size>
         <input_file_ref idref="fl-c"/>
      </object_component>
      <object_component id="oc-152">
         <name>.debug_info</name>
         <load_address>0xbd54</load_address>
         <run_address>0xbd54</run_address>
         <size>0xc6</size>
         <input_file_ref idref="fl-c"/>
      </object_component>
      <object_component id="oc-1cd">
         <name>.debug_info</name>
         <load_address>0xbe1a</load_address>
         <run_address>0xbe1a</run_address>
         <size>0x48</size>
         <input_file_ref idref="fl-c"/>
      </object_component>
      <object_component id="oc-11c">
         <name>.debug_info</name>
         <load_address>0xbe62</load_address>
         <run_address>0xbe62</run_address>
         <size>0x8b</size>
         <input_file_ref idref="fl-c"/>
      </object_component>
      <object_component id="oc-1d9">
         <name>.debug_info</name>
         <load_address>0xbeed</load_address>
         <run_address>0xbeed</run_address>
         <size>0x6ec</size>
         <input_file_ref idref="fl-d"/>
      </object_component>
      <object_component id="oc-f1">
         <name>.debug_info</name>
         <load_address>0xc5d9</load_address>
         <run_address>0xc5d9</run_address>
         <size>0xae2</size>
         <input_file_ref idref="fl-d"/>
      </object_component>
      <object_component id="oc-d8">
         <name>.debug_info</name>
         <load_address>0xd0bb</load_address>
         <run_address>0xd0bb</run_address>
         <size>0x900</size>
         <input_file_ref idref="fl-f"/>
      </object_component>
      <object_component id="oc-1b3">
         <name>.debug_info</name>
         <load_address>0xd9bb</load_address>
         <run_address>0xd9bb</run_address>
         <size>0xfe8</size>
         <input_file_ref idref="fl-10"/>
      </object_component>
      <object_component id="oc-1ed">
         <name>.debug_info</name>
         <load_address>0xe9a3</load_address>
         <run_address>0xe9a3</run_address>
         <size>0x60a</size>
         <input_file_ref idref="fl-11"/>
      </object_component>
      <object_component id="oc-1f3">
         <name>.debug_info</name>
         <load_address>0xefad</load_address>
         <run_address>0xefad</run_address>
         <size>0x13b</size>
         <input_file_ref idref="fl-11"/>
      </object_component>
      <object_component id="oc-1f0">
         <name>.debug_info</name>
         <load_address>0xf0e8</load_address>
         <run_address>0xf0e8</run_address>
         <size>0x137</size>
         <input_file_ref idref="fl-11"/>
      </object_component>
      <object_component id="oc-103">
         <name>.debug_info</name>
         <load_address>0xf21f</load_address>
         <run_address>0xf21f</run_address>
         <size>0x7b3</size>
         <input_file_ref idref="fl-11"/>
      </object_component>
      <object_component id="oc-110">
         <name>.debug_info</name>
         <load_address>0xf9d2</load_address>
         <run_address>0xf9d2</run_address>
         <size>0x267</size>
         <input_file_ref idref="fl-13"/>
      </object_component>
      <object_component id="oc-132">
         <name>.debug_info</name>
         <load_address>0xfc39</load_address>
         <run_address>0xfc39</run_address>
         <size>0x5fa</size>
         <input_file_ref idref="fl-14"/>
      </object_component>
      <object_component id="oc-12f">
         <name>.debug_info</name>
         <load_address>0x10233</load_address>
         <run_address>0x10233</run_address>
         <size>0x178</size>
         <input_file_ref idref="fl-14"/>
      </object_component>
      <object_component id="oc-82">
         <name>.debug_info</name>
         <load_address>0x103ab</load_address>
         <run_address>0x103ab</run_address>
         <size>0x4a0</size>
         <input_file_ref idref="fl-14"/>
      </object_component>
      <object_component id="oc-137">
         <name>.debug_info</name>
         <load_address>0x1084b</load_address>
         <run_address>0x1084b</run_address>
         <size>0x5ac</size>
         <input_file_ref idref="fl-15"/>
      </object_component>
      <object_component id="oc-134">
         <name>.debug_info</name>
         <load_address>0x10df7</load_address>
         <run_address>0x10df7</run_address>
         <size>0x19d</size>
         <input_file_ref idref="fl-15"/>
      </object_component>
      <object_component id="oc-88">
         <name>.debug_info</name>
         <load_address>0x10f94</load_address>
         <run_address>0x10f94</run_address>
         <size>0x6b5</size>
         <input_file_ref idref="fl-15"/>
      </object_component>
      <object_component id="oc-14b">
         <name>.debug_info</name>
         <load_address>0x11649</load_address>
         <run_address>0x11649</run_address>
         <size>0x5eb</size>
         <input_file_ref idref="fl-16"/>
      </object_component>
      <object_component id="oc-14e">
         <name>.debug_info</name>
         <load_address>0x11c34</load_address>
         <run_address>0x11c34</run_address>
         <size>0x1cf</size>
         <input_file_ref idref="fl-16"/>
      </object_component>
      <object_component id="oc-9b">
         <name>.debug_info</name>
         <load_address>0x11e03</load_address>
         <run_address>0x11e03</run_address>
         <size>0x2d6a</size>
         <input_file_ref idref="fl-16"/>
      </object_component>
      <object_component id="oc-1b8">
         <name>.debug_info</name>
         <load_address>0x14b6d</load_address>
         <run_address>0x14b6d</run_address>
         <size>0x706</size>
         <input_file_ref idref="fl-17"/>
      </object_component>
      <object_component id="oc-1bc">
         <name>.debug_info</name>
         <load_address>0x15273</load_address>
         <run_address>0x15273</run_address>
         <size>0x1fd</size>
         <input_file_ref idref="fl-17"/>
      </object_component>
      <object_component id="oc-dd">
         <name>.debug_info</name>
         <load_address>0x15470</load_address>
         <run_address>0x15470</run_address>
         <size>0x66b</size>
         <input_file_ref idref="fl-17"/>
      </object_component>
      <object_component id="oc-127">
         <name>.debug_info</name>
         <load_address>0x15adb</load_address>
         <run_address>0x15adb</run_address>
         <size>0x5c1</size>
         <input_file_ref idref="fl-18"/>
      </object_component>
      <object_component id="oc-74">
         <name>.debug_info</name>
         <load_address>0x1609c</load_address>
         <run_address>0x1609c</run_address>
         <size>0x410</size>
         <input_file_ref idref="fl-18"/>
      </object_component>
      <object_component id="oc-12b">
         <name>.debug_info</name>
         <load_address>0x164ac</load_address>
         <run_address>0x164ac</run_address>
         <size>0x5c1</size>
         <input_file_ref idref="fl-19"/>
      </object_component>
      <object_component id="oc-7a">
         <name>.debug_info</name>
         <load_address>0x16a6d</load_address>
         <run_address>0x16a6d</run_address>
         <size>0x410</size>
         <input_file_ref idref="fl-19"/>
      </object_component>
      <object_component id="oc-144">
         <name>.debug_info</name>
         <load_address>0x16e7d</load_address>
         <run_address>0x16e7d</run_address>
         <size>0x621</size>
         <input_file_ref idref="fl-1a"/>
      </object_component>
      <object_component id="oc-95">
         <name>.debug_info</name>
         <load_address>0x1749e</load_address>
         <run_address>0x1749e</run_address>
         <size>0xa96</size>
         <input_file_ref idref="fl-1a"/>
      </object_component>
      <object_component id="oc-9f">
         <name>.debug_info</name>
         <load_address>0x17f34</load_address>
         <run_address>0x17f34</run_address>
         <size>0x2ea</size>
         <input_file_ref idref="fl-1c"/>
      </object_component>
      <object_component id="oc-27">
         <name>.debug_info</name>
         <load_address>0x1821e</load_address>
         <run_address>0x1821e</run_address>
         <size>0x116</size>
         <input_file_ref idref="fl-1c"/>
      </object_component>
      <object_component id="oc-6a">
         <name>.debug_info</name>
         <load_address>0x18334</load_address>
         <run_address>0x18334</run_address>
         <size>0x1dd</size>
         <input_file_ref idref="fl-1c"/>
      </object_component>
      <object_component id="oc-1ad">
         <name>.debug_info</name>
         <load_address>0x18511</load_address>
         <run_address>0x18511</run_address>
         <size>0x10f</size>
         <input_file_ref idref="fl-1d"/>
      </object_component>
      <object_component id="oc-d2">
         <name>.debug_info</name>
         <load_address>0x18620</load_address>
         <run_address>0x18620</run_address>
         <size>0x281</size>
         <input_file_ref idref="fl-1d"/>
      </object_component>
      <object_component id="oc-1fc">
         <name>.debug_info</name>
         <load_address>0x188a1</load_address>
         <run_address>0x188a1</run_address>
         <size>0x13a</size>
         <input_file_ref idref="fl-d7"/>
      </object_component>
      <object_component id="oc-203">
         <name>.debug_info</name>
         <load_address>0x189db</load_address>
         <run_address>0x189db</run_address>
         <size>0x12e</size>
         <input_file_ref idref="fl-d8"/>
      </object_component>
      <object_component id="oc-1f8">
         <name>.debug_info</name>
         <load_address>0x18b09</load_address>
         <run_address>0x18b09</run_address>
         <size>0x12c</size>
         <input_file_ref idref="fl-d9"/>
      </object_component>
      <object_component id="oc-b6">
         <name>.debug_info</name>
         <load_address>0x18c35</load_address>
         <run_address>0x18c35</run_address>
         <size>0x2d4</size>
         <input_file_ref idref="fl-da"/>
      </object_component>
      <object_component id="oc-4d">
         <name>.debug_info</name>
         <load_address>0x18f09</load_address>
         <run_address>0x18f09</run_address>
         <size>0x1b5</size>
         <input_file_ref idref="fl-da"/>
      </object_component>
      <object_component id="oc-b1">
         <name>.debug_info</name>
         <load_address>0x190be</load_address>
         <run_address>0x190be</run_address>
         <size>0x46</size>
         <input_file_ref idref="fl-da"/>
      </object_component>
      <object_component id="oc-165">
         <name>.debug_info</name>
         <load_address>0x19104</load_address>
         <run_address>0x19104</run_address>
         <size>0x2c</size>
         <input_file_ref idref="fl-da"/>
      </object_component>
      <object_component id="oc-42">
         <name>.debug_info</name>
         <load_address>0x19130</load_address>
         <run_address>0x19130</run_address>
         <size>0x2a8</size>
         <input_file_ref idref="fl-db"/>
      </object_component>
      <object_component id="oc-20">
         <name>.debug_info</name>
         <load_address>0x193d8</load_address>
         <run_address>0x193d8</run_address>
         <size>0x1ea</size>
         <input_file_ref idref="fl-db"/>
      </object_component>
      <object_component id="oc-3d">
         <name>.debug_info</name>
         <load_address>0x195c2</load_address>
         <run_address>0x195c2</run_address>
         <size>0x46</size>
         <input_file_ref idref="fl-db"/>
      </object_component>
      <object_component id="oc-a9">
         <name>.debug_info</name>
         <load_address>0x19608</load_address>
         <run_address>0x19608</run_address>
         <size>0x2c</size>
         <input_file_ref idref="fl-db"/>
      </object_component>
      <object_component id="oc-a7">
         <name>.debug_info</name>
         <load_address>0x19634</load_address>
         <run_address>0x19634</run_address>
         <size>0x29e</size>
         <input_file_ref idref="fl-dc"/>
      </object_component>
      <object_component id="oc-1b">
         <name>.debug_info</name>
         <load_address>0x198d2</load_address>
         <run_address>0x198d2</run_address>
         <size>0x250</size>
         <input_file_ref idref="fl-dc"/>
      </object_component>
      <object_component id="oc-2d">
         <name>.debug_info</name>
         <load_address>0x19b22</load_address>
         <run_address>0x19b22</run_address>
         <size>0x60</size>
         <input_file_ref idref="fl-dc"/>
      </object_component>
      <object_component id="oc-15e">
         <name>.debug_info</name>
         <load_address>0x19b82</load_address>
         <run_address>0x19b82</run_address>
         <size>0x46</size>
         <input_file_ref idref="fl-dc"/>
      </object_component>
      <object_component id="oc-a2">
         <name>.debug_info</name>
         <load_address>0x19bc8</load_address>
         <run_address>0x19bc8</run_address>
         <size>0x39</size>
         <input_file_ref idref="fl-dc"/>
      </object_component>
      <object_component id="oc-2a">
         <name>.debug_info</name>
         <load_address>0x19c01</load_address>
         <run_address>0x19c01</run_address>
         <size>0x10b</size>
         <input_file_ref idref="fl-dd"/>
      </object_component>
      <object_component id="oc-56">
         <name>.debug_info</name>
         <load_address>0x19d0c</load_address>
         <run_address>0x19d0c</run_address>
         <size>0x1a9</size>
         <input_file_ref idref="fl-dd"/>
      </object_component>
      <object_component id="oc-38">
         <name>.debug_info</name>
         <load_address>0x19eb5</load_address>
         <run_address>0x19eb5</run_address>
         <size>0x119</size>
         <input_file_ref idref="fl-de"/>
      </object_component>
      <object_component id="oc-ba">
         <name>.debug_info</name>
         <load_address>0x19fce</load_address>
         <run_address>0x19fce</run_address>
         <size>0x147</size>
         <input_file_ref idref="fl-df"/>
      </object_component>
      <object_component id="oc-23a">
         <name>.debug_info</name>
         <load_address>0x1a115</load_address>
         <run_address>0x1a115</run_address>
         <size>0x4b3</size>
         <input_file_ref idref="fl-e0"/>
      </object_component>
      <object_component id="oc-17d">
         <name>.debug_info</name>
         <load_address>0x1a5c8</load_address>
         <run_address>0x1a5c8</run_address>
         <size>0x1a6</size>
         <input_file_ref idref="fl-e0"/>
      </object_component>
      <object_component id="oc-27f">
         <name>.debug_info</name>
         <load_address>0x1a76e</load_address>
         <run_address>0x1a76e</run_address>
         <size>0x39</size>
         <input_file_ref idref="fl-e0"/>
      </object_component>
      <object_component id="oc-293">
         <name>.debug_info</name>
         <load_address>0x1a7a7</load_address>
         <run_address>0x1a7a7</run_address>
         <size>0x39</size>
         <input_file_ref idref="fl-e0"/>
      </object_component>
      <object_component id="oc-284">
         <name>.debug_info</name>
         <load_address>0x1a7e0</load_address>
         <run_address>0x1a7e0</run_address>
         <size>0x39</size>
         <input_file_ref idref="fl-e0"/>
      </object_component>
      <object_component id="oc-289">
         <name>.debug_info</name>
         <load_address>0x1a819</load_address>
         <run_address>0x1a819</run_address>
         <size>0xcd</size>
         <input_file_ref idref="fl-e0"/>
      </object_component>
      <object_component id="oc-c0">
         <name>.debug_info</name>
         <load_address>0x1a8e6</load_address>
         <run_address>0x1a8e6</run_address>
         <size>0x153</size>
         <input_file_ref idref="fl-e1"/>
      </object_component>
      <object_component id="oc-170">
         <name>.debug_info</name>
         <load_address>0x1aa39</load_address>
         <run_address>0x1aa39</run_address>
         <size>0x122</size>
         <input_file_ref idref="fl-e3"/>
      </object_component>
      <object_component id="oc-2d4">
         <name>.debug_info</name>
         <load_address>0x1ab5b</load_address>
         <run_address>0x1ab5b</run_address>
         <size>0xc2</size>
      </object_component>
      <object_component id="oc-26e">
         <name>.debug_line</name>
         <load_address>0x0</load_address>
         <run_address>0x0</run_address>
         <size>0x20</size>
         <input_file_ref idref="fl-2"/>
      </object_component>
      <object_component id="oc-1c6">
         <name>.debug_line</name>
         <load_address>0x20</load_address>
         <run_address>0x20</run_address>
         <size>0x58</size>
         <input_file_ref idref="fl-2"/>
      </object_component>
      <object_component id="oc-15c">
         <name>.debug_line</name>
         <load_address>0x78</load_address>
         <run_address>0x78</run_address>
         <size>0x6f</size>
         <input_file_ref idref="fl-2"/>
      </object_component>
      <object_component id="oc-1cb">
         <name>.debug_line</name>
         <load_address>0xe7</load_address>
         <run_address>0xe7</run_address>
         <size>0x5b</size>
         <input_file_ref idref="fl-2"/>
      </object_component>
      <object_component id="oc-35">
         <name>.debug_line</name>
         <load_address>0x142</load_address>
         <run_address>0x142</run_address>
         <size>0x20</size>
         <input_file_ref idref="fl-2"/>
      </object_component>
      <object_component id="oc-20a">
         <name>.debug_line</name>
         <load_address>0x162</load_address>
         <run_address>0x162</run_address>
         <size>0x73</size>
         <input_file_ref idref="fl-2"/>
      </object_component>
      <object_component id="oc-124">
         <name>.debug_line</name>
         <load_address>0x1d5</load_address>
         <run_address>0x1d5</run_address>
         <size>0x70</size>
         <input_file_ref idref="fl-2"/>
      </object_component>
      <object_component id="oc-25b">
         <name>.debug_line</name>
         <load_address>0x245</load_address>
         <run_address>0x245</run_address>
         <size>0x20</size>
         <input_file_ref idref="fl-4"/>
      </object_component>
      <object_component id="oc-ff">
         <name>.debug_line</name>
         <load_address>0x265</load_address>
         <run_address>0x265</run_address>
         <size>0xb4</size>
         <input_file_ref idref="fl-4"/>
      </object_component>
      <object_component id="oc-257">
         <name>.debug_line</name>
         <load_address>0x319</load_address>
         <run_address>0x319</run_address>
         <size>0x73</size>
         <input_file_ref idref="fl-5"/>
      </object_component>
      <object_component id="oc-ed">
         <name>.debug_line</name>
         <load_address>0x38c</load_address>
         <run_address>0x38c</run_address>
         <size>0x140</size>
         <input_file_ref idref="fl-5"/>
      </object_component>
      <object_component id="oc-f5">
         <name>.debug_line</name>
         <load_address>0x4cc</load_address>
         <run_address>0x4cc</run_address>
         <size>0xf4</size>
         <input_file_ref idref="fl-6"/>
      </object_component>
      <object_component id="oc-227">
         <name>.debug_line</name>
         <load_address>0x5c0</load_address>
         <run_address>0x5c0</run_address>
         <size>0xcf</size>
         <input_file_ref idref="fl-7"/>
      </object_component>
      <object_component id="oc-90">
         <name>.debug_line</name>
         <load_address>0x68f</load_address>
         <run_address>0x68f</run_address>
         <size>0x3ab</size>
         <input_file_ref idref="fl-7"/>
      </object_component>
      <object_component id="oc-268">
         <name>.debug_line</name>
         <load_address>0xa3a</load_address>
         <run_address>0xa3a</run_address>
         <size>0x73</size>
         <input_file_ref idref="fl-8"/>
      </object_component>
      <object_component id="oc-266">
         <name>.debug_line</name>
         <load_address>0xaad</load_address>
         <run_address>0xaad</run_address>
         <size>0x73</size>
         <input_file_ref idref="fl-8"/>
      </object_component>
      <object_component id="oc-26a">
         <name>.debug_line</name>
         <load_address>0xb20</load_address>
         <run_address>0xb20</run_address>
         <size>0x73</size>
         <input_file_ref idref="fl-8"/>
      </object_component>
      <object_component id="oc-26c">
         <name>.debug_line</name>
         <load_address>0xb93</load_address>
         <run_address>0xb93</run_address>
         <size>0x73</size>
         <input_file_ref idref="fl-8"/>
      </object_component>
      <object_component id="oc-13c">
         <name>.debug_line</name>
         <load_address>0xc06</load_address>
         <run_address>0xc06</run_address>
         <size>0x1af</size>
         <input_file_ref idref="fl-8"/>
      </object_component>
      <object_component id="oc-10a">
         <name>.debug_line</name>
         <load_address>0xdb5</load_address>
         <run_address>0xdb5</run_address>
         <size>0xce</size>
         <input_file_ref idref="fl-b"/>
      </object_component>
      <object_component id="oc-1c2">
         <name>.debug_line</name>
         <load_address>0xe83</load_address>
         <run_address>0xe83</run_address>
         <size>0x154</size>
         <input_file_ref idref="fl-c"/>
      </object_component>
      <object_component id="oc-1d3">
         <name>.debug_line</name>
         <load_address>0xfd7</load_address>
         <run_address>0xfd7</run_address>
         <size>0x35</size>
         <input_file_ref idref="fl-c"/>
      </object_component>
      <object_component id="oc-71">
         <name>.debug_line</name>
         <load_address>0x100c</load_address>
         <run_address>0x100c</run_address>
         <size>0x31a</size>
         <input_file_ref idref="fl-c"/>
      </object_component>
      <object_component id="oc-155">
         <name>.debug_line</name>
         <load_address>0x1326</load_address>
         <run_address>0x1326</run_address>
         <size>0x35</size>
         <input_file_ref idref="fl-c"/>
      </object_component>
      <object_component id="oc-1d0">
         <name>.debug_line</name>
         <load_address>0x135b</load_address>
         <run_address>0x135b</run_address>
         <size>0x3a</size>
         <input_file_ref idref="fl-c"/>
      </object_component>
      <object_component id="oc-11f">
         <name>.debug_line</name>
         <load_address>0x1395</load_address>
         <run_address>0x1395</run_address>
         <size>0x20</size>
         <input_file_ref idref="fl-c"/>
      </object_component>
      <object_component id="oc-259">
         <name>.debug_line</name>
         <load_address>0x13b5</load_address>
         <run_address>0x13b5</run_address>
         <size>0x71</size>
         <input_file_ref idref="fl-d"/>
      </object_component>
      <object_component id="oc-ef">
         <name>.debug_line</name>
         <load_address>0x1426</load_address>
         <run_address>0x1426</run_address>
         <size>0x1f6</size>
         <input_file_ref idref="fl-d"/>
      </object_component>
      <object_component id="oc-d7">
         <name>.debug_line</name>
         <load_address>0x161c</load_address>
         <run_address>0x161c</run_address>
         <size>0x12c</size>
         <input_file_ref idref="fl-f"/>
      </object_component>
      <object_component id="oc-1b2">
         <name>.debug_line</name>
         <load_address>0x1748</load_address>
         <run_address>0x1748</run_address>
         <size>0x279</size>
         <input_file_ref idref="fl-10"/>
      </object_component>
      <object_component id="oc-25d">
         <name>.debug_line</name>
         <load_address>0x19c1</load_address>
         <run_address>0x19c1</run_address>
         <size>0xd3</size>
         <input_file_ref idref="fl-11"/>
      </object_component>
      <object_component id="oc-261">
         <name>.debug_line</name>
         <load_address>0x1a94</load_address>
         <run_address>0x1a94</run_address>
         <size>0x79</size>
         <input_file_ref idref="fl-11"/>
      </object_component>
      <object_component id="oc-25f">
         <name>.debug_line</name>
         <load_address>0x1b0d</load_address>
         <run_address>0x1b0d</run_address>
         <size>0x79</size>
         <input_file_ref idref="fl-11"/>
      </object_component>
      <object_component id="oc-102">
         <name>.debug_line</name>
         <load_address>0x1b86</load_address>
         <run_address>0x1b86</run_address>
         <size>0x153</size>
         <input_file_ref idref="fl-11"/>
      </object_component>
      <object_component id="oc-114">
         <name>.debug_line</name>
         <load_address>0x1cd9</load_address>
         <run_address>0x1cd9</run_address>
         <size>0x94</size>
         <input_file_ref idref="fl-13"/>
      </object_component>
      <object_component id="oc-213">
         <name>.debug_line</name>
         <load_address>0x1d6d</load_address>
         <run_address>0x1d6d</run_address>
         <size>0x7c</size>
         <input_file_ref idref="fl-14"/>
      </object_component>
      <object_component id="oc-211">
         <name>.debug_line</name>
         <load_address>0x1de9</load_address>
         <run_address>0x1de9</run_address>
         <size>0x7d</size>
         <input_file_ref idref="fl-14"/>
      </object_component>
      <object_component id="oc-81">
         <name>.debug_line</name>
         <load_address>0x1e66</load_address>
         <run_address>0x1e66</run_address>
         <size>0xdf</size>
         <input_file_ref idref="fl-14"/>
      </object_component>
      <object_component id="oc-217">
         <name>.debug_line</name>
         <load_address>0x1f45</load_address>
         <run_address>0x1f45</run_address>
         <size>0x20</size>
         <input_file_ref idref="fl-15"/>
      </object_component>
      <object_component id="oc-215">
         <name>.debug_line</name>
         <load_address>0x1f65</load_address>
         <run_address>0x1f65</run_address>
         <size>0x7d</size>
         <input_file_ref idref="fl-15"/>
      </object_component>
      <object_component id="oc-8a">
         <name>.debug_line</name>
         <load_address>0x1fe2</load_address>
         <run_address>0x1fe2</run_address>
         <size>0x126</size>
         <input_file_ref idref="fl-15"/>
      </object_component>
      <object_component id="oc-22b">
         <name>.debug_line</name>
         <load_address>0x2108</load_address>
         <run_address>0x2108</run_address>
         <size>0x73</size>
         <input_file_ref idref="fl-16"/>
      </object_component>
      <object_component id="oc-22d">
         <name>.debug_line</name>
         <load_address>0x217b</load_address>
         <run_address>0x217b</run_address>
         <size>0x73</size>
         <input_file_ref idref="fl-16"/>
      </object_component>
      <object_component id="oc-98">
         <name>.debug_line</name>
         <load_address>0x21ee</load_address>
         <run_address>0x21ee</run_address>
         <size>0x62b</size>
         <input_file_ref idref="fl-16"/>
      </object_component>
      <object_component id="oc-253">
         <name>.debug_line</name>
         <load_address>0x2819</load_address>
         <run_address>0x2819</run_address>
         <size>0xdc</size>
         <input_file_ref idref="fl-17"/>
      </object_component>
      <object_component id="oc-255">
         <name>.debug_line</name>
         <load_address>0x28f5</load_address>
         <run_address>0x28f5</run_address>
         <size>0x78</size>
         <input_file_ref idref="fl-17"/>
      </object_component>
      <object_component id="oc-e1">
         <name>.debug_line</name>
         <load_address>0x296d</load_address>
         <run_address>0x296d</run_address>
         <size>0xf8</size>
         <input_file_ref idref="fl-17"/>
      </object_component>
      <object_component id="oc-20d">
         <name>.debug_line</name>
         <load_address>0x2a65</load_address>
         <run_address>0x2a65</run_address>
         <size>0x75</size>
         <input_file_ref idref="fl-18"/>
      </object_component>
      <object_component id="oc-77">
         <name>.debug_line</name>
         <load_address>0x2ada</load_address>
         <run_address>0x2ada</run_address>
         <size>0xcc</size>
         <input_file_ref idref="fl-18"/>
      </object_component>
      <object_component id="oc-20f">
         <name>.debug_line</name>
         <load_address>0x2ba6</load_address>
         <run_address>0x2ba6</run_address>
         <size>0x75</size>
         <input_file_ref idref="fl-19"/>
      </object_component>
      <object_component id="oc-7d">
         <name>.debug_line</name>
         <load_address>0x2c1b</load_address>
         <run_address>0x2c1b</run_address>
         <size>0xcc</size>
         <input_file_ref idref="fl-19"/>
      </object_component>
      <object_component id="oc-229">
         <name>.debug_line</name>
         <load_address>0x2ce7</load_address>
         <run_address>0x2ce7</run_address>
         <size>0x73</size>
         <input_file_ref idref="fl-1a"/>
      </object_component>
      <object_component id="oc-94">
         <name>.debug_line</name>
         <load_address>0x2d5a</load_address>
         <run_address>0x2d5a</run_address>
         <size>0x1b1</size>
         <input_file_ref idref="fl-1a"/>
      </object_component>
      <object_component id="oc-158">
         <name>.debug_line</name>
         <load_address>0x2f0b</load_address>
         <run_address>0x2f0b</run_address>
         <size>0x40</size>
         <input_file_ref idref="fl-1c"/>
      </object_component>
      <object_component id="oc-9e">
         <name>.debug_line</name>
         <load_address>0x2f4b</load_address>
         <run_address>0x2f4b</run_address>
         <size>0x40</size>
         <input_file_ref idref="fl-1c"/>
      </object_component>
      <object_component id="oc-6c">
         <name>.debug_line</name>
         <load_address>0x2f8b</load_address>
         <run_address>0x2f8b</run_address>
         <size>0x71</size>
         <input_file_ref idref="fl-1c"/>
      </object_component>
      <object_component id="oc-250">
         <name>.debug_line</name>
         <load_address>0x2ffc</load_address>
         <run_address>0x2ffc</run_address>
         <size>0x3b</size>
         <input_file_ref idref="fl-1d"/>
      </object_component>
      <object_component id="oc-d0">
         <name>.debug_line</name>
         <load_address>0x3037</load_address>
         <run_address>0x3037</run_address>
         <size>0x121</size>
         <input_file_ref idref="fl-1d"/>
      </object_component>
      <object_component id="oc-1ff">
         <name>.debug_line</name>
         <load_address>0x3158</load_address>
         <run_address>0x3158</run_address>
         <size>0x8e</size>
         <input_file_ref idref="fl-d7"/>
      </object_component>
      <object_component id="oc-201">
         <name>.debug_line</name>
         <load_address>0x31e6</load_address>
         <run_address>0x31e6</run_address>
         <size>0x5a</size>
         <input_file_ref idref="fl-d8"/>
      </object_component>
      <object_component id="oc-1fa">
         <name>.debug_line</name>
         <load_address>0x3240</load_address>
         <run_address>0x3240</run_address>
         <size>0x50</size>
         <input_file_ref idref="fl-d9"/>
      </object_component>
      <object_component id="oc-16b">
         <name>.debug_line</name>
         <load_address>0x3290</load_address>
         <run_address>0x3290</run_address>
         <size>0x92</size>
         <input_file_ref idref="fl-da"/>
      </object_component>
      <object_component id="oc-4b">
         <name>.debug_line</name>
         <load_address>0x3322</load_address>
         <run_address>0x3322</run_address>
         <size>0x53</size>
         <input_file_ref idref="fl-da"/>
      </object_component>
      <object_component id="oc-b4">
         <name>.debug_line</name>
         <load_address>0x3375</load_address>
         <run_address>0x3375</run_address>
         <size>0x34</size>
         <input_file_ref idref="fl-da"/>
      </object_component>
      <object_component id="oc-168">
         <name>.debug_line</name>
         <load_address>0x33a9</load_address>
         <run_address>0x33a9</run_address>
         <size>0x92</size>
         <input_file_ref idref="fl-da"/>
      </object_component>
      <object_component id="oc-af">
         <name>.debug_line</name>
         <load_address>0x343b</load_address>
         <run_address>0x343b</run_address>
         <size>0x20</size>
         <input_file_ref idref="fl-db"/>
      </object_component>
      <object_component id="oc-22">
         <name>.debug_line</name>
         <load_address>0x345b</load_address>
         <run_address>0x345b</run_address>
         <size>0x55</size>
         <input_file_ref idref="fl-db"/>
      </object_component>
      <object_component id="oc-40">
         <name>.debug_line</name>
         <load_address>0x34b0</load_address>
         <run_address>0x34b0</run_address>
         <size>0x3a</size>
         <input_file_ref idref="fl-db"/>
      </object_component>
      <object_component id="oc-ac">
         <name>.debug_line</name>
         <load_address>0x34ea</load_address>
         <run_address>0x34ea</run_address>
         <size>0x92</size>
         <input_file_ref idref="fl-db"/>
      </object_component>
      <object_component id="oc-164">
         <name>.debug_line</name>
         <load_address>0x357c</load_address>
         <run_address>0x357c</run_address>
         <size>0x20</size>
         <input_file_ref idref="fl-dc"/>
      </object_component>
      <object_component id="oc-1a">
         <name>.debug_line</name>
         <load_address>0x359c</load_address>
         <run_address>0x359c</run_address>
         <size>0xa9</size>
         <input_file_ref idref="fl-dc"/>
      </object_component>
      <object_component id="oc-30">
         <name>.debug_line</name>
         <load_address>0x3645</load_address>
         <run_address>0x3645</run_address>
         <size>0x3a</size>
         <input_file_ref idref="fl-dc"/>
      </object_component>
      <object_component id="oc-161">
         <name>.debug_line</name>
         <load_address>0x367f</load_address>
         <run_address>0x367f</run_address>
         <size>0x9a</size>
         <input_file_ref idref="fl-dc"/>
      </object_component>
      <object_component id="oc-a5">
         <name>.debug_line</name>
         <load_address>0x3719</load_address>
         <run_address>0x3719</run_address>
         <size>0x96</size>
         <input_file_ref idref="fl-dc"/>
      </object_component>
      <object_component id="oc-a1">
         <name>.debug_line</name>
         <load_address>0x37af</load_address>
         <run_address>0x37af</run_address>
         <size>0x33</size>
         <input_file_ref idref="fl-dd"/>
      </object_component>
      <object_component id="oc-59">
         <name>.debug_line</name>
         <load_address>0x37e2</load_address>
         <run_address>0x37e2</run_address>
         <size>0x45</size>
         <input_file_ref idref="fl-dd"/>
      </object_component>
      <object_component id="oc-3b">
         <name>.debug_line</name>
         <load_address>0x3827</load_address>
         <run_address>0x3827</run_address>
         <size>0x88</size>
         <input_file_ref idref="fl-de"/>
      </object_component>
      <object_component id="oc-b8">
         <name>.debug_line</name>
         <load_address>0x38af</load_address>
         <run_address>0x38af</run_address>
         <size>0x79</size>
         <input_file_ref idref="fl-df"/>
      </object_component>
      <object_component id="oc-27e">
         <name>.debug_line</name>
         <load_address>0x3928</load_address>
         <run_address>0x3928</run_address>
         <size>0xbf</size>
         <input_file_ref idref="fl-e0"/>
      </object_component>
      <object_component id="oc-17f">
         <name>.debug_line</name>
         <load_address>0x39e7</load_address>
         <run_address>0x39e7</run_address>
         <size>0x6f</size>
         <input_file_ref idref="fl-e0"/>
      </object_component>
      <object_component id="oc-282">
         <name>.debug_line</name>
         <load_address>0x3a56</load_address>
         <run_address>0x3a56</run_address>
         <size>0x2e</size>
         <input_file_ref idref="fl-e0"/>
      </object_component>
      <object_component id="oc-296">
         <name>.debug_line</name>
         <load_address>0x3a84</load_address>
         <run_address>0x3a84</run_address>
         <size>0x9a</size>
         <input_file_ref idref="fl-e0"/>
      </object_component>
      <object_component id="oc-287">
         <name>.debug_line</name>
         <load_address>0x3b1e</load_address>
         <run_address>0x3b1e</run_address>
         <size>0x97</size>
         <input_file_ref idref="fl-e0"/>
      </object_component>
      <object_component id="oc-28c">
         <name>.debug_line</name>
         <load_address>0x3bb5</load_address>
         <run_address>0x3bb5</run_address>
         <size>0x93</size>
         <input_file_ref idref="fl-e0"/>
      </object_component>
      <object_component id="oc-be">
         <name>.debug_line</name>
         <load_address>0x3c48</load_address>
         <run_address>0x3c48</run_address>
         <size>0x40</size>
         <input_file_ref idref="fl-e1"/>
      </object_component>
      <object_component id="oc-16f">
         <name>.debug_line</name>
         <load_address>0x3c88</load_address>
         <run_address>0x3c88</run_address>
         <size>0x3c</size>
         <input_file_ref idref="fl-e3"/>
      </object_component>
      <object_component id="oc-26d">
         <name>.debug_abbrev</name>
         <load_address>0x0</load_address>
         <run_address>0x0</run_address>
         <size>0x71</size>
         <input_file_ref idref="fl-2"/>
      </object_component>
      <object_component id="oc-1c5">
         <name>.debug_abbrev</name>
         <load_address>0x71</load_address>
         <run_address>0x71</run_address>
         <size>0xbd</size>
         <input_file_ref idref="fl-2"/>
      </object_component>
      <object_component id="oc-15b">
         <name>.debug_abbrev</name>
         <load_address>0x12e</load_address>
         <run_address>0x12e</run_address>
         <size>0x69</size>
         <input_file_ref idref="fl-2"/>
      </object_component>
      <object_component id="oc-1ca">
         <name>.debug_abbrev</name>
         <load_address>0x197</load_address>
         <run_address>0x197</run_address>
         <size>0x97</size>
         <input_file_ref idref="fl-2"/>
      </object_component>
      <object_component id="oc-34">
         <name>.debug_abbrev</name>
         <load_address>0x22e</load_address>
         <run_address>0x22e</run_address>
         <size>0x1f</size>
         <input_file_ref idref="fl-2"/>
      </object_component>
      <object_component id="oc-209">
         <name>.debug_abbrev</name>
         <load_address>0x24d</load_address>
         <run_address>0x24d</run_address>
         <size>0x5c</size>
         <input_file_ref idref="fl-2"/>
      </object_component>
      <object_component id="oc-123">
         <name>.debug_abbrev</name>
         <load_address>0x2a9</load_address>
         <run_address>0x2a9</run_address>
         <size>0x24</size>
         <input_file_ref idref="fl-2"/>
      </object_component>
      <object_component id="oc-25a">
         <name>.debug_abbrev</name>
         <load_address>0x2cd</load_address>
         <run_address>0x2cd</run_address>
         <size>0x8a</size>
         <input_file_ref idref="fl-4"/>
      </object_component>
      <object_component id="oc-1ea">
         <name>.debug_abbrev</name>
         <load_address>0x357</load_address>
         <run_address>0x357</run_address>
         <size>0x9b</size>
         <input_file_ref idref="fl-4"/>
      </object_component>
      <object_component id="oc-256">
         <name>.debug_abbrev</name>
         <load_address>0x3f2</load_address>
         <run_address>0x3f2</run_address>
         <size>0x29</size>
         <input_file_ref idref="fl-5"/>
      </object_component>
      <object_component id="oc-1d7">
[...]
         <name>TExaS_Task3</name>
         <value>0xb19</value>
         <object_component_ref idref="oc-97"/>
      </symbol>
      <symbol id="sm-499">
         <name>TExaS_Task4</name>
         <value>0xb25</value>
         <object_component_ref idref="oc-97"/>
      </symbol>
      <symbol id="sm-49a">
         <name>TExaS_Task5</name>
         <value>0xb27</value>
         <object_component_ref idref="oc-97"/>
      </symbol>
      <symbol id="sm-49b">
         <name>TExaS_Task6</name>
         <value>0xb33</value>
         <object_component_ref idref="oc-97"/>
      </symbol>
      <symbol id="sm-49c">
         <name>Scope</name>
         <value>0x961</value>
         <object_component_ref idref="oc-97"/>
      </symbol>
      <symbol id="sm-49d">
         <name>TExaS_Set0</name>
         <value>0xb57</value>
         <object_component_ref idref="oc-97"/>
      </symbol>
      <symbol id="sm-49e">
         <name>TExaS_Set1</name>
         <value>0xb63</value>
         <object_component_ref idref="oc-97"/>
      </symbol>
      <symbol id="sm-49f">
         <name>TExaS_Set2</name>
         <value>0xb6f</value>
         <object_component_ref idref="oc-97"/>
      </symbol>
      <symbol id="sm-4a0">
         <name>TExaS_Set3</name>
         <value>0xb7b</value>
         <object_component_ref idref="oc-97"/>
      </symbol>
      <symbol id="sm-4a1">
         <name>TExaS_Set4</name>
         <value>0xb87</value>
         <object_component_ref idref="oc-97"/>
      </symbol>
      <symbol id="sm-4a2">
         <name>TExaS_Set5</name>
         <value>0xb89</value>
         <object_component_ref idref="oc-97"/>
      </symbol>
      <symbol id="sm-4a3">
         <name>TExaS_Set6</name>
         <value>0xba1</value>
         <object_component_ref idref="oc-97"/>
      </symbol>
      <symbol id="sm-4a4">
         <name>TExaS_ScopeErrLostData</name>
         <value>0x20003334</value>
         <object_component_ref idref="oc-14d"/>
      </symbol>
      <symbol id="sm-4a5">
         <name>PeriodicTask2_Stop</name>
         <value>0xa5f</value>
         <object_component_ref idref="oc-97"/>
      </symbol>
      <symbol id="sm-4a6">
         <name>LogicAnalyzer_P10</name>
         <value>0x8f1</value>
         <object_component_ref idref="oc-97"/>
      </symbol>
      <symbol id="sm-4a7">
         <name>TExaS_Init</name>
         <value>0xce1</value>
         <object_component_ref idref="oc-97"/>
      </symbol>
      <symbol id="sm-4a8">
         <name>UART_InChar</name>
         <value>0xac9</value>
         <object_component_ref idref="oc-97"/>
      </symbol>
      <symbol id="sm-4a9">
         <name>LogicAnalyzer</name>
         <value>0x811</value>
         <object_component_ref idref="oc-97"/>
      </symbol>
      <symbol id="sm-4aa">
         <name>LogicAnalyzer_P4_765320</name>
         <value>0x873</value>
         <object_component_ref idref="oc-97"/>
      </symbol>
      <symbol id="sm-4ab">
         <name>T32_INT1_IRQHandler</name>
         <value>0xa4f</value>
         <object_component_ref idref="oc-97"/>
      </symbol>
      <symbol id="sm-4ac">
         <name>UART_Init</name>
         <value>0xa6f</value>
         <object_component_ref idref="oc-97"/>
      </symbol>
      <symbol id="sm-4ad">
         <name>LogicAnalyzer_P2_7654</name>
         <value>0x837</value>
         <object_component_ref idref="oc-97"/>
      </symbol>
      <symbol id="sm-4ae">
         <name>UART_OutChar</name>
         <value>0xad9</value>
         <object_component_ref idref="oc-97"/>
      </symbol>
      <symbol id="sm-4af">
         <name>TExaS_Set</name>
         <value>0xb3f</value>
         <object_component_ref idref="oc-97"/>
      </symbol>
      <symbol id="sm-4dc">
         <name>Tachometer_FirstRightTime</name>
         <value>0x20003302</value>
      </symbol>
      <symbol id="sm-4dd">
         <name>Tachometer_SecondRightTime</name>
         <value>0x20003306</value>
      </symbol>
      <symbol id="sm-4de">
         <name>Tachometer_FirstLeftTime</name>
         <value>0x20003300</value>
      </symbol>
      <symbol id="sm-4df">
         <name>Tachometer_SecondLeftTime</name>
         <value>0x20003304</value>
      </symbol>
      <symbol id="sm-4e0">
         <name>Tachometer_RightSteps</name>
         <value>0x2000334c</value>
         <object_component_ref idref="oc-1bb"/>
      </symbol>
      <symbol id="sm-4e1">
         <name>Tachometer_LeftDir</name>
         <value>0x20003355</value>
         <object_component_ref idref="oc-1bb"/>
      </symbol>
      <symbol id="sm-4e2">
         <name>Tachometer_Get</name>
         <value>0x2acf</value>
         <object_component_ref idref="oc-dc"/>
      </symbol>
      <symbol id="sm-4e3">
         <name>Tachometer_LeftSteps</name>
         <value>0x20003350</value>
         <object_component_ref idref="oc-1bb"/>
      </symbol>
      <symbol id="sm-4e4">
         <name>tachometerLeftInt</name>
         <value>0x2a5f</value>
         <object_component_ref idref="oc-dc"/>
      </symbol>
      <symbol id="sm-4e5">
         <name>tachometerRightInt</name>
         <value>0x2a19</value>
         <object_component_ref idref="oc-dc"/>
      </symbol>
      <symbol id="sm-4e6">
         <name>Tachometer_RightDir</name>
         <value>0x20003354</value>
         <object_component_ref idref="oc-1bb"/>
      </symbol>
      <symbol id="sm-4e7">
         <name>Tachometer_Init</name>
         <value>0x2aa5</value>
         <object_component_ref idref="oc-dc"/>
      </symbol>
      <symbol id="sm-4ff">
         <name>TimerA0Task</name>
         <value>0x200032dc</value>
      </symbol>
      <symbol id="sm-500">
         <name>TimerA0_Init</name>
         <value>0x2e3d</value>
         <object_component_ref idref="oc-73"/>
      </symbol>
      <symbol id="sm-501">
         <name>TA0_0_IRQHandler</name>
         <value>0x2eb7</value>
         <object_component_ref idref="oc-73"/>
      </symbol>
      <symbol id="sm-502">
         <name>TimerA0_Stop</name>
         <value>0x2ea1</value>
         <object_component_ref idref="oc-73"/>
      </symbol>
      <symbol id="sm-51b">
         <name>TimerA1Task</name>
         <value>0x200032e0</value>
      </symbol>
      <symbol id="sm-51c">
         <name>TimerA1_Init</name>
         <value>0x2ee9</value>
         <object_component_ref idref="oc-79"/>
      </symbol>
      <symbol id="sm-51d">
         <name>TA1_0_IRQHandler</name>
         <value>0x2f5b</value>
         <object_component_ref idref="oc-79"/>
      </symbol>
      <symbol id="sm-51e">
         <name>TimerA1_Stop</name>
         <value>0x2f47</value>
         <object_component_ref idref="oc-79"/>
      </symbol>
      <symbol id="sm-54f">
         <name>RxPutI</name>
         <value>0x200032d0</value>
      </symbol>
      <symbol id="sm-550">
         <name>RxGetI</name>
         <value>0x200032cc</value>
      </symbol>
      <symbol id="sm-551">
         <name>RxFifoLost</name>
         <value>0x200032c8</value>
      </symbol>
      <symbol id="sm-552">
         <name>RxFIFO</name>
         <value>0x20003000</value>
      </symbol>
      <symbol id="sm-553">
         <name>RxFifo_Get</name>
         <value>0x2741</value>
         <object_component_ref idref="oc-91"/>
      </symbol>
      <symbol id="sm-554">
         <name>UART1_OutChar</name>
         <value>0x27f5</value>
         <object_component_ref idref="oc-91"/>
      </symbol>
      <symbol id="sm-555">
         <name>UART1_InChar</name>
         <value>0x27e3</value>
         <object_component_ref idref="oc-91"/>
      </symbol>
      <symbol id="sm-556">
         <name>UART1_InStatus</name>
         <value>0x2777</value>
         <object_component_ref idref="oc-91"/>
      </symbol>
      <symbol id="sm-557">
         <name>EUSCIA2_IRQHandler</name>
         <value>0x2811</value>
         <object_component_ref idref="oc-91"/>
      </symbol>
      <symbol id="sm-558">
         <name>UART1_OutString</name>
         <value>0x2827</value>
         <object_component_ref idref="oc-91"/>
      </symbol>
      <symbol id="sm-559">
         <name>RxFifo_Put</name>
         <value>0x26fb</value>
         <object_component_ref idref="oc-91"/>
      </symbol>
      <symbol id="sm-55a">
         <name>UART1_Init</name>
         <value>0x2787</value>
         <object_component_ref idref="oc-91"/>
      </symbol>
      <symbol id="sm-55b">
         <name>UART1_FinishOutput</name>
         <value>0x2845</value>
         <object_component_ref idref="oc-91"/>
      </symbol>
      <symbol id="sm-55c">
         <name>RxFifo_Init</name>
         <value>0x26e9</value>
         <object_component_ref idref="oc-91"/>
      </symbol>
      <symbol id="sm-572">
         <name>Reset_Handler</name>
         <value>0x32fd</value>
         <object_component_ref idref="oc-67"/>
      </symbol>
      <symbol id="sm-573">
         <name>Default_Handler</name>
         <value>0x3309</value>
         <object_component_ref idref="oc-67"/>
      </symbol>
      <symbol id="sm-574">
         <name>interruptVectors</name>
         <value>0x0</value>
         <object_component_ref idref="oc-26"/>
      </symbol>
      <symbol id="sm-5ba">
         <name>SystemInit</name>
         <value>0x1ec5</value>
         <object_component_ref idref="oc-cf"/>
      </symbol>
      <symbol id="sm-5bb">
         <name>SystemCoreClockUpdate</name>
         <value>0x1c51</value>
         <object_component_ref idref="oc-cf"/>
      </symbol>
      <symbol id="sm-5bc">
         <name>SystemCoreClock</name>
         <value>0x20003360</value>
         <object_component_ref idref="oc-1ac"/>
      </symbol>
      <symbol id="sm-5c7">
         <name>__aeabi_dmul</name>
         <value>0x2c65</value>
         <object_component_ref idref="oc-1fb"/>
      </symbol>
      <symbol id="sm-5d1">
         <name>__aeabi_d2iz</name>
         <value>0x319b</value>
         <object_component_ref idref="oc-200"/>
      </symbol>
      <symbol id="sm-5db">
         <name>__aeabi_i2d</name>
         <value>0x329d</value>
         <object_component_ref idref="oc-1f6"/>
      </symbol>
      <symbol id="sm-5f2">
         <name>__TI_zero_init</name>
         <value>0x330b</value>
         <object_component_ref idref="oc-49"/>
      </symbol>
      <symbol id="sm-609">
         <name>__TI_decompress_none</name>
         <value>0x32ef</value>
         <object_component_ref idref="oc-1d"/>
      </symbol>
      <symbol id="sm-62c">
         <name>__TI_decompress_lzss</name>
         <value>0x3133</value>
         <object_component_ref idref="oc-17"/>
      </symbol>
      <symbol id="sm-63f">
         <name>__stack</name>
         <value>0x2000fe00</value>
         <object_component_ref idref="oc-29"/>
      </symbol>
      <symbol id="sm-640">
         <name>_c_int00_noargs</name>
         <value>0x3269</value>
         <object_component_ref idref="oc-55"/>
      </symbol>
      <symbol id="sm-65b">
         <name>memcpy</name>
         <value>0x2f91</value>
         <object_component_ref idref="oc-37"/>
      </symbol>
      <symbol id="sm-65c">
         <name>__aeabi_memcpy</name>
         <value>0x2f91</value>
         <object_component_ref idref="oc-37"/>
      </symbol>
      <symbol id="sm-65d">
         <name>__aeabi_memcpy8</name>
         <value>0x2f91</value>
         <object_component_ref idref="oc-37"/>
      </symbol>
      <symbol id="sm-65e">
         <name>__aeabi_memcpy4</name>
         <value>0x2f91</value>
         <object_component_ref idref="oc-37"/>
      </symbol>
      <symbol id="sm-66d">
         <name>__aeabi_memset</name>
         <value>0x30bb</value>
         <object_component_ref idref="oc-b7"/>
      </symbol>
      <symbol id="sm-66e">
         <name>memset</name>
         <value>0x30c1</value>
         <object_component_ref idref="oc-b7"/>
      </symbol>
      <symbol id="sm-66f">
         <name>__aeabi_memset8</name>
         <value>0x30bb</value>
         <object_component_ref idref="oc-b7"/>
      </symbol>
      <symbol id="sm-670">
         <name>__aeabi_memset4</name>
         <value>0x30bb</value>
         <object_component_ref idref="oc-b7"/>
      </symbol>
      <symbol id="sm-671">
         <name>__aeabi_memclr8</name>
         <value>0x30b9</value>
         <object_component_ref idref="oc-b7"/>
      </symbol>
      <symbol id="sm-672">
         <name>__aeabi_memclr4</name>
         <value>0x30b9</value>
         <object_component_ref idref="oc-b7"/>
      </symbol>
      <symbol id="sm-673">
         <name>__aeabi_memclr</name>
         <value>0x30b9</value>
         <object_component_ref idref="oc-b7"/>
      </symbol>
      <symbol id="sm-69b">
         <name>__TI_auto_init_nobinit_nopinit</name>
         <value>0x31e5</value>
         <object_component_ref idref="oc-17a"/>
      </symbol>
      <symbol id="sm-6a5">
         <name>_system_pre_init</name>
         <value>0x3317</value>
         <object_component_ref idref="oc-bd"/>
      </symbol>
      <symbol id="sm-6b1">
         <name>C$$EXIT</name>
         <value>0x331b</value>
         <object_component_ref idref="oc-16e"/>
      </symbol>
      <symbol id="sm-6b2">
         <name>abort</name>
         <value>0x331b</value>
         <object_component_ref idref="oc-16e"/>
      </symbol>
      <symbol id="sm-6b5">
         <name>__TI_static_base__</name>
         <value>0x0</value>
      </symbol>
      <symbol id="sm-6b8">
         <name>__mpu_init</name>
         <value>0x0</value>
      </symbol>
      <symbol id="sm-6b9">
         <name>_system_post_cinit</name>
         <value>0x0</value>
      </symbol>
      <symbol id="sm-6ba">
         <name>NMI_Handler</name>
         <value>0x3309</value>
      </symbol>
      <symbol id="sm-6bb">
         <name>HardFault_Handler</name>
         <value>0x3309</value>
      </symbol>
      <symbol id="sm-6bc">
         <name>MemManage_Handler</name>
         <value>0x3309</value>
      </symbol>
      <symbol id="sm-6bd">
         <name>BusFault_Handler</name>
         <value>0x3309</value>
      </symbol>
      <symbol id="sm-6be">
         <name>UsageFault_Handler</name>
         <value>0x3309</value>
      </symbol>
      <symbol id="sm-6bf">
         <name>SVC_Handler</name>
         <value>0x3309</value>
      </symbol>
      <symbol id="sm-6c0">
         <name>DebugMon_Handler</name>
         <value>0x3309</value>
      </symbol>
      <symbol id="sm-6c1">
         <name>PendSV_Handler</name>
         <value>0x3309</value>
      </symbol>
      <symbol id="sm-6c2">
         <name>SysTick_Handler</name>
         <value>0x59d</value>
      </symbol>
      <symbol id="sm-6c3">
         <name>PSS_IRQHandler</name>
         <value>0x3309</value>
      </symbol>
      <symbol id="sm-6c4">
         <name>CS_IRQHandler</name>
         <value>0x3309</value>
      </symbol>
      <symbol id="sm-6c5">
         <name>PCM_IRQHandler</name>
         <value>0x3309</value>
      </symbol>
      <symbol id="sm-6c6">
         <name>WDT_A_IRQHandler</name>
         <value>0x3309</value>
      </symbol>
      <symbol id="sm-6c7">
         <name>FPU_IRQHandler</name>
         <value>0x3309</value>
      </symbol>
      <symbol id="sm-6c8">
         <name>FLCTL_IRQHandler</name>
         <value>0x3309</value>
      </symbol>
      <symbol id="sm-6c9">
         <name>COMP_E0_IRQHandler</name>
         <value>0x3309</value>
      </symbol>
      <symbol id="sm-6ca">
         <name>COMP_E1_IRQHandler</name>
         <value>0x3309</value>
      </symbol>
      <symbol id="sm-6cb">
         <name>TA0_0_IRQHandler</name>
         <value>0x2eb7</value>
      </symbol>
      <symbol id="sm-6cc">
         <name>TA0_N_IRQHandler</name>
         <value>0x3309</value>
      </symbol>
      <symbol id="sm-6cd">
         <name>TA1_0_IRQHandler</name>
         <value>0x2f5b</value>
      </symbol>
      <symbol id="sm-6ce">
         <name>TA1_N_IRQHandler</name>
         <value>0x3309</value>
      </symbol>
      <symbol id="sm-6cf">
         <name>TA2_0_IRQHandler</name>
         <value>0x3309</value>
      </symbol>
      <symbol id="sm-6d0">
         <name>TA2_N_IRQHandler</name>
         <value>0x2beb</value>
      </symbol>
      <symbol id="sm-6d1">
         <name>TA3_0_IRQHandler</name>
         <value>0x23d9</value>
      </symbol>
      <symbol id="sm-6d2">
         <name>TA3_N_IRQHandler</name>
         <value>0x23f3</value>
      </symbol>
      <symbol id="sm-6d3">
         <name>EUSCIA0_IRQHandler</name>
         <value>0xf69</value>
      </symbol>
      <symbol id="sm-6d4">
         <name>EUSCIA1_IRQHandler</name>
         <value>0x3309</value>
      </symbol>
      <symbol id="sm-6d5">
         <name>EUSCIA2_IRQHandler</name>
         <value>0x2811</value>
      </symbol>
      <symbol id="sm-6d6">
         <name>EUSCIA3_IRQHandler</name>
         <value>0x3309</value>
      </symbol>
      <symbol id="sm-6d7">
         <name>EUSCIB0_IRQHandler</name>
         <value>0x3309</value>
      </symbol>
      <symbol id="sm-6d8">
         <name>EUSCIB1_IRQHandler</name>
         <value>0x3309</value>
      </symbol>
      <symbol id="sm-6d9">
         <name>EUSCIB2_IRQHandler</name>
         <value>0x3309</value>
      </symbol>
      <symbol id="sm-6da">
         <name>EUSCIB3_IRQHandler</name>
         <value>0x3309</value>
      </symbol>
      <symbol id="sm-6db">
         <name>ADC14_IRQHandler</name>
         <value>0x3309</value>
      </symbol>
      <symbol id="sm-6dc">
         <name>T32_INT1_IRQHandler</name>
         <value>0xa4f</value>
      </symbol>
      <symbol id="sm-6dd">
         <name>T32_INT2_IRQHandler</name>
         <value>0x3309</value>
      </symbol>
      <symbol id="sm-6de">
         <name>T32_INTC_IRQHandler</name>
         <value>0x3309</value>
      </symbol>
      <symbol id="sm-6df">
         <name>AES256_IRQHandler</name>
         <value>0x3309</value>
      </symbol>
      <symbol id="sm-6e0">
         <name>RTC_C_IRQHandler</name>
         <value>0x3309</value>
      </symbol>
      <symbol id="sm-6e1">
         <name>DMA_ERR_IRQHandler</name>
         <value>0x3309</value>
      </symbol>
      <symbol id="sm-6e2">
         <name>DMA_INT3_IRQHandler</name>
         <value>0x3309</value>
      </symbol>
      <symbol id="sm-6e3">
         <name>DMA_INT2_IRQHandler</name>
         <value>0x3309</value>
      </symbol>
      <symbol id="sm-6e4">
         <name>DMA_INT1_IRQHandler</name>
         <value>0x3309</value>
      </symbol>
      <symbol id="sm-6e5">
         <name>DMA_INT0_IRQHandler</name>
         <value>0x3309</value>
      </symbol>
      <symbol id="sm-6e6">
         <name>PORT1_IRQHandler</name>
         <value>0x3309</value>
      </symbol>
      <symbol id="sm-6e7">
         <name>PORT2_IRQHandler</name>
         <value>0x3309</value>
      </symbol>
      <symbol id="sm-6e8">
         <name>PORT3_IRQHandler</name>
         <value>0x3309</value>
      </symbol>
      <symbol id="sm-6e9">
         <name>PORT4_IRQHandler</name>
         <value>0x587</value>
      </symbol>
      <symbol id="sm-6ea">
         <name>PORT5_IRQHandler</name>
         <value>0x3309</value>
      </symbol>
      <symbol id="sm-6eb">
         <name>PORT6_IRQHandler</name>
         <value>0x3309</value>
      </symbol>
   </symbol_table>
   <title>Link successful</title>
</link_info>
