******************************************************************************
                  TI ARM Linker PC v20.2.2                     
******************************************************************************
>> Linked Wed Apr 28 23:24:10 2021

OUTPUT FILE NAME:   <Jacki_FSM.out>
ENTRY POINT SYMBOL: "_c_int00_noargs"  address: 00003269


MEMORY CONFIGURATION

         name            origin    length      used     unused   attr    fill
----------------------  --------  ---------  --------  --------  ----  --------
  MAIN                  00000000   00040000  000033a6  0003cc5a  R  X
  INFO                  00200000   00004000  00000000  00004000  R  X
  SRAM_CODE             01000000   00010000  00003561  0000ca9f  RW X
  SRAM_DATA             20000000   00010000  00003561  0000ca9f  RW  


SEGMENT ALLOCATION MAP

run origin  load origin   length   init length attrs members
----------  ----------- ---------- ----------- ----- -------
00000000    00000000    000033a8   000033a8    r-x
  00000000    00000000    000000e4   000000e4    r-- .intvecs
  000000e4    000000e4    0000323a   0000323a    r-x .text
  00003320    00003320    00000040   00000040    r-- .const
  00003360    00003360    00000048   00000048    r-- .cinit
20000000    20000000    00003364   00000000    rw-
  20000000    20000000    0000330d   00000000    rw- .bss
  20003310    20003310    00000054   00000000    rw- .data
2000fe00    2000fe00    00000200   00000000    rw-
  2000fe00    2000fe00    00000200   00000000    rw- .stack


SECTION ALLOCATION MAP

 output                                  attributes/
section   page    origin      length       input sections
--------  ----  ----------  ----------   ----------------
.intvecs   0    00000000    000000e4     
                  00000000    000000e4     startup_msp432p401r_ccs.obj (.intvecs:retain)

.text      0    000000e4    0000323a     
                  000000e4    0000072c     JackiFSMmain.obj (.text)
                  00000810    000006c8     TExaS.obj (.text)
                  00000ed8    000005b6     EUSCIA0.obj (.text)
                  0000148e    00000002     --HOLE-- [fill = 0]
                  00001490    00000420     PWM.obj (.text)
                  000018b0    000003a0     LPF.obj (.text)
                  00001c50    0000032c     system_msp432p401r.obj (.text)
                  00001f7c    000001f0     FIFO0.obj (.text)
                  0000216c    000001e0     Clock.obj (.text)
                  0000234c    000001d4     TA3InputCapture.obj (.text)
                  00002520    000001c8     Reflectance.obj (.text)
                  000026e8    000001a4     UART1.obj (.text)
                  0000288c    0000018c     Motor.obj (.text)
                  00002a18    0000013c     Tachometer.obj (.text)
                  00002b54    00000110     TA2InputCapture.obj (.text)
                  00002c64    000000fc     rtsv7M4_T_le_v4SPD16_eabi.lib : fd_mul_t2.asm.obj (.text)
                  00002d60    000000dc     Bump.obj (.text)
                  00002e3c    000000ac     TimerA0.obj (.text)
                  00002ee8    000000a8     TimerA1.obj (.text)
                  00002f90    0000009c     rtsv7M4_T_le_v4SPD16_eabi.lib : memcpy_t2.asm.obj (.text)
                  0000302c    0000008c     IRDistance.obj (.text)
                  000030b8    0000007a     rtsv7M4_T_le_v4SPD16_eabi.lib : memset_t2.asm.obj (.text)
                  00003132    00000068                                   : copy_decompress_lzss.c.obj (.text:decompress:lzss:__TI_decompress_lzss)
                  0000319a    00000048                                   : fd_toi_t2.asm.obj (.text)
                  000031e2    00000002     --HOLE-- [fill = 0]
                  000031e4    00000044                                   : autoinit.c.obj (.text:__TI_auto_init_nobinit_nopinit:__TI_auto_init_nobinit_nopinit)
                  00003228    00000040     SysTickInts.obj (.text)
                  00003268    00000034     rtsv7M4_T_le_v4SPD16_eabi.lib : boot_cortex_m.c.obj (.text:_c_int00_noargs:_c_int00_noargs)
                  0000329c    0000002e                                   : i_tofd_t2.asm.obj (.text)
                  000032ca    00000024     CortexM.obj (.text)
                  000032ee    0000000e     rtsv7M4_T_le_v4SPD16_eabi.lib : copy_decompress_none.c.obj (.text:decompress:none:__TI_decompress_none)
                  000032fc    0000000e     startup_msp432p401r_ccs.obj (.text)
                  0000330a    0000000c     rtsv7M4_T_le_v4SPD16_eabi.lib : copy_zero_init.c.obj (.text:decompress:ZI:__TI_zero_init)
                  00003316    00000004                                   : pre_init.c.obj (.text:_system_pre_init)
                  0000331a    00000004                                   : exit.c.obj (.text:abort:abort)

.const     0    00003320    00000040     
                  00003320    00000020     Reflectance.obj (.const:Mask)
                  00003340    00000020     Reflectance.obj (.const:Weight)

.cinit     0    00003360    00000048     
                  00003360    00000021     (.cinit..data.load) [load image, compression = lzss]
                  00003381    00000003     --HOLE-- [fill = 0]
                  00003384    0000000c     (__TI_handler_table)
                  00003390    00000008     (.cinit..bss.load) [load image, compression = zero_init]
                  00003398    00000010     (__TI_cinit_table)

.init_array 
*          0    00000000    00000000     UNINITIALIZED

.binit     0    00000000    00000000     

.bss       0    20000000    0000330d     UNINITIALIZED
                  20000000    00001000     (.common:x)
                  20001000    00001000     (.common:x2)
                  20002000    00001000     (.common:x3)
                  20003000    00000100     (.common:RxFIFO)
                  20003100    00000100     (.common:TxHistogram)
                  20003200    00000040     FIFO0.obj (.bss:TxBuff)
                  20003240    00000040     (.common:RxHistogram)
                  20003280    00000010     FIFO0.obj (.bss:RxBuff)
                  20003290    00000008     (.common:Messagec)
                  20003298    00000004     FIFO0.obj (.bss)
                  2000329c    00000004     (.common:Center)
                  200032a0    00000004     (.common:I1)
                  200032a4    00000004     (.common:LPFSum)
                  200032a8    00000004     (.common:LPFSum2)
                  200032ac    00000004     (.common:LPFSum3)
                  200032b0    00000004     (.common:Messageindexc)
                  200032b4    00000004     (.common:PeriodicTask2)
                  200032b8    00000004     (.common:Pt)
                  200032bc    00000004     (.common:Pt2)
                  200032c0    00000004     (.common:Pt3)
                  200032c4    00000004     (.common:Right)
                  200032c8    00000004     (.common:RxFifoLost)
                  200032cc    00000004     (.common:RxGetI)
                  200032d0    00000004     (.common:RxPutI)
                  200032d4    00000004     (.common:Size)
                  200032d8    00000004     (.common:Time)
                  200032dc    00000004     (.common:TimerA0Task)
                  200032e0    00000004     (.common:TimerA1Task)
                  200032e4    00000004     (.common:ctime)
                  200032e8    00000004     (.common:nc)
                  200032ec    00000004     (.common:nr)
                  200032f0    00000004     (.common:rtime)
                  200032f4    00000004     (.common:u1)
                  200032f8    00000004     (.common:u2)
                  200032fc    00000004     (.common:u3)
                  20003300    00000002     (.common:Tachometer_FirstLeftTime)
                  20003302    00000002     (.common:Tachometer_FirstRightTime)
                  20003304    00000002     (.common:Tachometer_SecondLeftTime)
                  20003306    00000002     (.common:Tachometer_SecondRightTime)
                  20003308    00000001     (.common:FWall)
                  20003309    00000001     (.common:LineReading)
                  2000330a    00000001     (.common:LogicData)
                  2000330b    00000001     (.common:RWall)
                  2000330c    00000001     (.common:Reflectanceresult)

.data      0    20003310    00000054     UNINITIALIZED
                  20003310    00000018     Clock.obj (.data)
                  20003328    0000000c     TA3InputCapture.obj (.data)
                  20003334    0000000c     TExaS.obj (.data)
                  20003340    0000000a     JackiFSMmain.obj (.data)
                  2000334a    00000002     --HOLE--
                  2000334c    0000000a     Tachometer.obj (.data)
                  20003356    00000002     --HOLE--
                  20003358    00000008     TA2InputCapture.obj (.data)
                  20003360    00000004     system_msp432p401r.obj (.data)

.stack     0    2000fe00    00000200     UNINITIALIZED
                  2000fe00    00000004     rtsv7M4_T_le_v4SPD16_eabi.lib : boot_cortex_m.c.obj (.stack)
                  2000fe04    000001fc     --HOLE--

__llvm_prf_cnts 
*          0    20000000    00000000     UNINITIALIZED

MODULE SUMMARY

       Module                        code    ro data   rw data
       ------                        ----    -------   -------
    .\
       LPF.obj                       928     0         24664  
       JackiFSMmain.obj              1836    0         82     
       TExaS.obj                     1736    0         34     
       EUSCIA0.obj                   1462    0         24     
       FIFO0.obj                     496     0         808    
       PWM.obj                       1056    0         0      
       UART1.obj                     420     0         536    
       system_msp432p401r.obj        812     0         8      
       Clock.obj                     480     0         48     
       Reflectance.obj               456     64        2      
       TA3InputCapture.obj           468     0         24     
       Motor.obj                     396     0         0      
       Tachometer.obj                316     0         36     
       TA2InputCapture.obj           272     0         16     
       startup_msp432p401r_ccs.obj   14      228       0      
       Bump.obj                      220     0         0      
       TimerA0.obj                   172     0         8      
       TimerA1.obj                   168     0         8      
       IRDistance.obj                140     0         0      
       SysTickInts.obj               64      0         0      
       CortexM.obj                   36      0         0      
    +--+-----------------------------+-------+---------+---------+
       Total:                        11948   292       26298  
                                                              
    C:\ti\ccs1020\ccs\tools\compiler\ti-cgt-arm_20.2.2.LTS\lib\rtsv7M4_T_le_v4SPD16_eabi.lib
       fd_mul_t2.asm.obj             252     0         0      
       memcpy_t2.asm.obj             156     0         0      
       memset_t2.asm.obj             122     0         0      
       copy_decompress_lzss.c.obj    104     0         0      
       fd_toi_t2.asm.obj             72      0         0      
       autoinit.c.obj                68      0         0      
       boot_cortex_m.c.obj           52      0         0      
       i_tofd_t2.asm.obj             46      0         0      
       copy_decompress_none.c.obj    14      0         0      
       copy_zero_init.c.obj          12      0         0      
       exit.c.obj                    4       0         0      
       pre_init.c.obj                4       0         0      
    +--+-----------------------------+-------+---------+---------+
       Total:                        906     0         0      
                                                              
       Stack:                        0       0         1024   
       Linker Generated:             0       69        0      
    +--+-----------------------------+-------+---------+---------+
       Grand Total:                  12854   361       27322  


LINKER GENERATED COPY TABLES

__TI_cinit_table @ 00003398 records: 2, size/record: 8, table size: 16
	.data: load addr=00003360, load size=00000021 bytes, run addr=20003310, run size=00000054 bytes, compression=lzss
	.bss: load addr=00003390, load size=00000008 bytes, run addr=20000000, run size=0000330d bytes, compression=zero_init


LINKER GENERATED HANDLER TABLE

__TI_handler_table @ 00003384 records: 3, size/record: 4, table size: 12
	index: 0, handler: __TI_decompress_lzss
	index: 1, handler: __TI_decompress_none
	index: 2, handler: __TI_zero_init


GLOBAL SYMBOLS: SORTED ALPHABETICALLY BY Name 

address   name                                   
-------   ----                                   
00003309  ADC14_IRQHandler                       
00000c1d  ADC_Init                               
00003309  AES256_IRQHandler                      
00002d61  Bump_Init                              
00002dd1  Bump_Read                              
00003309  BusFault_Handler                       
0000331b  C$$EXIT                                
00003309  COMP_E0_IRQHandler                     
00003309  COMP_E1_IRQHandler                     
20003318  CPMwait                                
00003309  CS_IRQHandler                          
20003328  CaptureTask0                           
2000332c  CaptureTask1                           
20003330  CaptureTask2                           
20003358  CaptureTaskk1                          
2000335c  CaptureTaskk2                          
2000329c  Center                                 
00003059  CenterConvert                          
00000473  Center_Handler                         
20003310  ClockFrequency                         
000022c1  Clock_Delay1ms                         
00002297  Clock_Delay1us                         
00002283  Clock_GetFreq                          
0000216d  Clock_Init48MHz                        
20003324  Crystalstable                          
00003309  DMA_ERR_IRQHandler                     
00003309  DMA_INT0_IRQHandler                    
00003309  DMA_INT1_IRQHandler                    
00003309  DMA_INT2_IRQHandler                    
00003309  DMA_INT3_IRQHandler                    
00003309  DebugMon_Handler                       
00003309  Default_Handler                        
000032cb  DisableInterrupts                      
00000f69  EUSCIA0_IRQHandler                     
00000f69  EUSCIA0_IRQHandler                     
00000f3d  EUSCIA0_InChar                         
00001405  EUSCIA0_InString                       
00000fbd  EUSCIA0_InUDec                         
000012b9  EUSCIA0_InUHex                         
00000ed9  EUSCIA0_Init                           
00000f4f  EUSCIA0_OutChar                        
00000f9f  EUSCIA0_OutString                      
00001041  EUSCIA0_OutUDec                        
000011d1  EUSCIA0_OutUDec4                       
00001209  EUSCIA0_OutUDec5                       
00001245  EUSCIA0_OutUFix1                       
0000126d  EUSCIA0_OutUFix2                       
00001381  EUSCIA0_OutUHex                        
000013e7  EUSCIA0_OutUHex2                       
000013c5  EUSCIA0outnibble                       
00003309  EUSCIA1_IRQHandler                     
00002811  EUSCIA2_IRQHandler                     
00002811  EUSCIA2_IRQHandler                     
00003309  EUSCIA3_IRQHandler                     
00003309  EUSCIB0_IRQHandler                     
00003309  EUSCIB1_IRQHandler                     
00003309  EUSCIB2_IRQHandler                     
00003309  EUSCIB3_IRQHandler                     
000032d1  EnableInterrupts                       
000032e1  EndCritical                            
00003309  FLCTL_IRQHandler                       
00003309  FPU_IRQHandler                         
20003308  FWall                                  
00000421  Found_Treasure                         
00000541  HandleCollision                        
00003309  HardFault_Handler                      
200032a0  I1                                     
20003320  IFlags                                 
200032a4  LPFSum                                 
200032a8  LPFSum2                                
200032ac  LPFSum3                                
000019c5  LPF_Calc                               
00001a6d  LPF_Calc2                              
00001b31  LPF_Calc3                              
00001905  LPF_Calc_old                           
00001967  LPF_Init                               
00001a19  LPF_Init2                              
00001acf  LPF_Init3                              
000018b1  LPF_Init_old                           
0000302d  LeftConvert                            
20003309  LineReading                            
00000811  LogicAnalyzer                          
0000081b  LogicAnalyzer_P1                       
000008f1  LogicAnalyzer_P10                      
00000829  LogicAnalyzer_P2                       
000008ff  LogicAnalyzer_P27_P26_P82_P92_P104_P105
00000837  LogicAnalyzer_P2_7654                  
00000847  LogicAnalyzer_P3                       
00000855  LogicAnalyzer_P4                       
00000873  LogicAnalyzer_P4_765320                
00000863  LogicAnalyzer_P4_765432                
000008ab  LogicAnalyzer_P5                       
00000937  LogicAnalyzer_P55_P54_P27_P26_P37_P36  
000008b9  LogicAnalyzer_P6                       
000008c7  LogicAnalyzer_P7                       
000008d5  LogicAnalyzer_P8                       
000008e3  LogicAnalyzer_P9                       
2000330a  LogicData                              
00003320  Mask                                   
00001b99  Median                                 
00003309  MemManage_Handler                      
20003290  Messagec                               
200032b0  Messageindexc                          
000029bb  Motor_Backward                         
000028f3  Motor_Forward                          
0000288d  Motor_Init                             
00002975  Motor_Left                             
0000292f  Motor_Right                            
000028df  Motor_Stop                             
00003309  NMI_Handler                            
000006b9  Navigate_Maze                          
00003309  PCM_IRQHandler                         
00003309  PORT1_IRQHandler                       
00003309  PORT2_IRQHandler                       
00003309  PORT3_IRQHandler                       
00000587  PORT4_IRQHandler                       
00000587  PORT4_IRQHandler                       
00003309  PORT5_IRQHandler                       
00003309  PORT6_IRQHandler                       
00003309  PSS_IRQHandler                         
0000157b  PWM_Duty1                              
0000159b  PWM_Duty2                              
0000163f  PWM_Duty3                              
0000165f  PWM_Duty4                              
00001491  PWM_Init1                              
000014f7  PWM_Init12                             
000015bb  PWM_Init34                             
000017a7  PWM_RobotArmDuty0                      
000017cd  PWM_RobotArmDuty1                      
000017f3  PWM_RobotArmDuty2                      
000017c7  PWM_RobotArmGetDuty0                   
000017ed  PWM_RobotArmGetDuty1                   
00001813  PWM_RobotArmGetDuty2                   
0000167f  PWM_RobotArmInit                       
00003309  PendSV_Handler                         
200032b4  PeriodicTask2                          
000009e5  PeriodicTask2_Init                     
00000a5f  PeriodicTask2_Stop                     
000000e5  Port2_Init                             
00000119  Port2_Output                           
2000331c  Postwait                               
20003314  Prewait                                
200032b8  Pt                                     
200032bc  Pt2                                    
200032c0  Pt3                                    
00003309  RTC_C_IRQHandler                       
2000330b  RWall                                  
000025dd  Reflectance_Center                     
00002685  Reflectance_End                        
00002521  Reflectance_Init                       
000025ef  Reflectance_Position                   
00002585  Reflectance_Read                       
00002655  Reflectance_Start                      
2000330c  Reflectanceresult                      
000032fd  Reset_Handler                          
200032c4  Right                                  
00003085  RightConvert                           
000004bf  Right_Handler                          
20003000  RxFIFO                                 
000020f7  RxFifo0_Get                            
00002065  RxFifo0_Init                           
000020b7  RxFifo0_Put                            
00002123  RxFifo0_Size                           
200032c8  RxFifoLost                             
00002741  RxFifo_Get                             
000026e9  RxFifo_Init                            
000026fb  RxFifo_Put                             
200032cc  RxGetI                                 
20003240  RxHistogram                            
200032d0  RxPutI                                 
00003309  SVC_Handler                            
00000961  Scope                                  
200032d4  Size                                   
000032d7  StartCritical                          
0000059d  SysTick_Handler                        
0000059d  SysTick_Handler                        
00003229  SysTick_Init                           
20003360  SystemCoreClock                        
00001c51  SystemCoreClockUpdate                  
00001ec5  SystemInit                             
00000a4f  T32_INT1_IRQHandler                    
00000a4f  T32_INT1_IRQHandler                    
00003309  T32_INT2_IRQHandler                    
00003309  T32_INTC_IRQHandler                    
00002eb7  TA0_0_IRQHandler                       
00002eb7  TA0_0_IRQHandler                       
00003309  TA0_N_IRQHandler                       
00002f5b  TA1_0_IRQHandler                       
00002f5b  TA1_0_IRQHandler                       
00003309  TA1_N_IRQHandler                       
00003309  TA2_0_IRQHandler                       
00002beb  TA2_N_IRQHandler                       
00002beb  TA2_N_IRQHandler                       
000023d9  TA3_0_IRQHandler                       
000023d9  TA3_0_IRQHandler                       
000023f3  TA3_N_IRQHandler                       
000023f3  TA3_N_IRQHandler                       
00000bb1  TExaS_Clear0                           
00000bbd  TExaS_Clear1                           
00000bd1  TExaS_Clear2                           
00000bdd  TExaS_Clear3                           
00000be9  TExaS_Clear4                           
00000beb  TExaS_Clear5                           
00000bf7  TExaS_Clear6                           
00000ce1  TExaS_Init                             
20003338  TExaS_ScopeErrConflict                 
20003334  TExaS_ScopeErrLostData                 
2000333c  TExaS_ScopeWrnReconfig                 
00000b3f  TExaS_Set                              
00000b57  TExaS_Set0                             
00000b63  TExaS_Set1                             
00000b6f  TExaS_Set2                             
00000b7b  TExaS_Set3                             
00000b87  TExaS_Set4                             
00000b89  TExaS_Set5                             
00000ba1  TExaS_Set6                             
00000e6d  TExaS_Stop                             
00000af5  TExaS_Task0                            
00000b01  TExaS_Task1                            
00000b0d  TExaS_Task2                            
00000b19  TExaS_Task3                            
00000b25  TExaS_Task4                            
00000b27  TExaS_Task5                            
00000b33  TExaS_Task6                            
20003300  Tachometer_FirstLeftTime               
20003302  Tachometer_FirstRightTime              
00002acf  Tachometer_Get                         
00002aa5  Tachometer_Init                        
20003355  Tachometer_LeftDir                     
20003350  Tachometer_LeftSteps                   
20003354  Tachometer_RightDir                    
2000334c  Tachometer_RightSteps                  
20003304  Tachometer_SecondLeftTime              
20003306  Tachometer_SecondRightTime             
00000471  Task                                   
200032d8  Time                                   
200032dc  TimerA0Task                            
00002e3d  TimerA0_Init                           
00002ea1  TimerA0_Stop                           
200032e0  TimerA1Task                            
00002ee9  TimerA1_Init                           
00002f47  TimerA1_Stop                           
00002b5f  TimerA2Capture_Init                    
00002359  TimerA3Capture_Init01                  
00002433  TimerA3Capture_Init02                  
0000012d  Travelling                             
00000501  Trigger_Handler                        
00000689  Trigger_Init                           
00000311  Turn_Left                              
000001b5  Turn_Right                             
0000200f  TxFifo0_Get                            
00001f7d  TxFifo0_Init                           
00001fcf  TxFifo0_Put                            
0000203b  TxFifo0_Size                           
20003100  TxHistogram                            
00002845  UART1_FinishOutput                     
000027e3  UART1_InChar                           
00002777  UART1_InStatus                         
00002787  UART1_Init                             
000027f5  UART1_OutChar                          
00002827  UART1_OutString                        
00000ac9  UART_InChar                            
00000a6f  UART_Init                              
00000ad9  UART_OutChar                           
00003309  UsageFault_Handler                     
4000480c  WDTCTL_SYM                             
00003309  WDT_A_IRQHandler                       
000032e9  WaitForInterrupt                       
00003340  Weight                                 
20010000  __STACK_END                            
00000200  __STACK_SIZE                           
00003398  __TI_CINIT_Base                        
000033a8  __TI_CINIT_Limit                       
00003384  __TI_Handler_Table_Base                
00003390  __TI_Handler_Table_Limit               
000031e5  __TI_auto_init_nobinit_nopinit         
00003133  __TI_decompress_lzss                   
000032ef  __TI_decompress_none                   
ffffffff  __TI_pprof_out_hndl                    
ffffffff  __TI_prof_data_size                    
ffffffff  __TI_prof_data_start                   
00000000  __TI_static_base__                     
0000330b  __TI_zero_init                         
0000319b  __aeabi_d2iz                           
00002c65  __aeabi_dmul                           
0000329d  __aeabi_i2d                            
000030b9  __aeabi_memclr                         
000030b9  __aeabi_memclr4                        
000030b9  __aeabi_memclr8                        
00002f91  __aeabi_memcpy                         
00002f91  __aeabi_memcpy4                        
00002f91  __aeabi_memcpy8                        
000030bb  __aeabi_memset                         
000030bb  __aeabi_memset4                        
000030bb  __aeabi_memset8                        
ffffffff  __binit__                              
ffffffff  __c_args__                             
UNDEFED   __mpu_init                             
2000fe00  __stack                                
20000000  __start___llvm_prf_cnts                
20000000  __stop___llvm_prf_cnts                 
00003269  _c_int00_noargs                        
UNDEFED   _system_post_cinit                     
00003317  _system_pre_init                       
0000331b  abort                                  
20003340  accumulator                            
ffffffff  binit                                  
20003347  cRise                                  
200032e4  ctime                                  
00002289  delay                                  
20003344  diff                                   
00000000  interruptVectors                       
20003348  lRise                                  
0000071d  main                                   
00002f91  memcpy                                 
000030c1  memset                                 
200032e8  nc                                     
200032ec  nr                                     
20003342  oldError                               
20003349  prev                                   
20003346  rRise                                  
200032f0  rtime                                  
00002b55  ta2dummy                               
0000234d  ta3dummy                               
00002a5f  tachometerLeftInt                      
00002a19  tachometerRightInt                     
200032f4  u1                                     
200032f8  u2                                     
200032fc  u3                                     
20000000  x                                      
20001000  x2                                     
20002000  x3                                     


GLOBAL SYMBOLS: SORTED BY Symbol Address 

address   name                                   
-------   ----                                   
00000000  __TI_static_base__                     
00000000  interruptVectors                       
000000e5  Port2_Init                             
00000119  Port2_Output                           
0000012d  Travelling                             
000001b5  Turn_Right                             
00000200  __STACK_SIZE                           
00000311  Turn_Left                              
00000421  Found_Treasure                         
00000471  Task                                   
00000473  Center_Handler                         
000004bf  Right_Handler                          
00000501  Trigger_Handler                        
00000541  HandleCollision                        
00000587  PORT4_IRQHandler                       
00000587  PORT4_IRQHandler                       
0000059d  SysTick_Handler                        
0000059d  SysTick_Handler                        
00000689  Trigger_Init                           
000006b9  Navigate_Maze                          
0000071d  main                                   
00000811  LogicAnalyzer                          
0000081b  LogicAnalyzer_P1                       
00000829  LogicAnalyzer_P2                       
00000837  LogicAnalyzer_P2_7654                  
00000847  LogicAnalyzer_P3                       
00000855  LogicAnalyzer_P4                       
00000863  LogicAnalyzer_P4_765432                
00000873  LogicAnalyzer_P4_765320                
000008ab  LogicAnalyzer_P5                       
000008b9  LogicAnalyzer_P6                       
000008c7  LogicAnalyzer_P7                       
000008d5  LogicAnalyzer_P8                       
000008e3  LogicAnalyzer_P9                       
000008f1  LogicAnalyzer_P10                      
000008ff  LogicAnalyzer_P27_P26_P82_P92_P104_P105
00000937  LogicAnalyzer_P55_P54_P27_P26_P37_P36  
00000961  Scope                                  
000009e5  PeriodicTask2_Init                     
00000a4f  T32_INT1_IRQHandler                    
00000a4f  T32_INT1_IRQHandler                    
00000a5f  PeriodicTask2_Stop                     
00000a6f  UART_Init                              
00000ac9  UART_InChar                            
00000ad9  UART_OutChar                           
00000af5  TExaS_Task0                            
00000b01  TExaS_Task1                            
00000b0d  TExaS_Task2                            
00000b19  TExaS_Task3                            
00000b25  TExaS_Task4                            
00000b27  TExaS_Task5                            
00000b33  TExaS_Task6                            
00000b3f  TExaS_Set                              
00000b57  TExaS_Set0                             
00000b63  TExaS_Set1                             
00000b6f  TExaS_Set2                             
00000b7b  TExaS_Set3                             
00000b87  TExaS_Set4                             
00000b89  TExaS_Set5                             
00000ba1  TExaS_Set6                             
00000bb1  TExaS_Clear0                           
00000bbd  TExaS_Clear1                           
00000bd1  TExaS_Clear2                           
00000bdd  TExaS_Clear3                           
00000be9  TExaS_Clear4                           
00000beb  TExaS_Clear5                           
00000bf7  TExaS_Clear6                           
00000c1d  ADC_Init                               
00000ce1  TExaS_Init                             
00000e6d  TExaS_Stop                             
00000ed9  EUSCIA0_Init                           
00000f3d  EUSCIA0_InChar                         
00000f4f  EUSCIA0_OutChar                        
00000f69  EUSCIA0_IRQHandler                     
00000f69  EUSCIA0_IRQHandler                     
00000f9f  EUSCIA0_OutString                      
00000fbd  EUSCIA0_InUDec                         
00001041  EUSCIA0_OutUDec                        
000011d1  EUSCIA0_OutUDec4                       
00001209  EUSCIA0_OutUDec5                       
00001245  EUSCIA0_OutUFix1                       
0000126d  EUSCIA0_OutUFix2                       
000012b9  EUSCIA0_InUHex                         
00001381  EUSCIA0_OutUHex                        
000013c5  EUSCIA0outnibble                       
000013e7  EUSCIA0_OutUHex2                       
00001405  EUSCIA0_InString                       
00001491  PWM_Init1                              
000014f7  PWM_Init12                             
0000157b  PWM_Duty1                              
0000159b  PWM_Duty2                              
000015bb  PWM_Init34                             
0000163f  PWM_Duty3                              
0000165f  PWM_Duty4                              
0000167f  PWM_RobotArmInit                       
000017a7  PWM_RobotArmDuty0                      
000017c7  PWM_RobotArmGetDuty0                   
000017cd  PWM_RobotArmDuty1                      
000017ed  PWM_RobotArmGetDuty1                   
000017f3  PWM_RobotArmDuty2                      
00001813  PWM_RobotArmGetDuty2                   
000018b1  LPF_Init_old                           
00001905  LPF_Calc_old                           
00001967  LPF_Init                               
000019c5  LPF_Calc                               
00001a19  LPF_Init2                              
00001a6d  LPF_Calc2                              
00001acf  LPF_Init3                              
00001b31  LPF_Calc3                              
00001b99  Median                                 
00001c51  SystemCoreClockUpdate                  
00001ec5  SystemInit                             
00001f7d  TxFifo0_Init                           
00001fcf  TxFifo0_Put                            
0000200f  TxFifo0_Get                            
0000203b  TxFifo0_Size                           
00002065  RxFifo0_Init                           
000020b7  RxFifo0_Put                            
000020f7  RxFifo0_Get                            
00002123  RxFifo0_Size                           
0000216d  Clock_Init48MHz                        
00002283  Clock_GetFreq                          
00002289  delay                                  
00002297  Clock_Delay1us                         
000022c1  Clock_Delay1ms                         
0000234d  ta3dummy                               
00002359  TimerA3Capture_Init01                  
000023d9  TA3_0_IRQHandler                       
000023d9  TA3_0_IRQHandler                       
000023f3  TA3_N_IRQHandler                       
000023f3  TA3_N_IRQHandler                       
00002433  TimerA3Capture_Init02                  
00002521  Reflectance_Init                       
00002585  Reflectance_Read                       
000025dd  Reflectance_Center                     
000025ef  Reflectance_Position                   
00002655  Reflectance_Start                      
00002685  Reflectance_End                        
000026e9  RxFifo_Init                            
000026fb  RxFifo_Put                             
00002741  RxFifo_Get                             
00002777  UART1_InStatus                         
00002787  UART1_Init                             
000027e3  UART1_InChar                           
000027f5  UART1_OutChar                          
00002811  EUSCIA2_IRQHandler                     
00002811  EUSCIA2_IRQHandler                     
00002827  UART1_OutString                        
00002845  UART1_FinishOutput                     
0000288d  Motor_Init                             
000028df  Motor_Stop                             
000028f3  Motor_Forward                          
0000292f  Motor_Right                            
00002975  Motor_Left                             
000029bb  Motor_Backward                         
00002a19  tachometerRightInt                     
00002a5f  tachometerLeftInt                      
00002aa5  Tachometer_Init                        
00002acf  Tachometer_Get                         
00002b55  ta2dummy                               
00002b5f  TimerA2Capture_Init                    
00002beb  TA2_N_IRQHandler                       
00002beb  TA2_N_IRQHandler                       
00002c65  __aeabi_dmul                           
00002d61  Bump_Init                              
00002dd1  Bump_Read                              
00002e3d  TimerA0_Init                           
00002ea1  TimerA0_Stop                           
00002eb7  TA0_0_IRQHandler                       
00002eb7  TA0_0_IRQHandler                       
00002ee9  TimerA1_Init                           
00002f47  TimerA1_Stop                           
00002f5b  TA1_0_IRQHandler                       
00002f5b  TA1_0_IRQHandler                       
00002f91  __aeabi_memcpy                         
00002f91  __aeabi_memcpy4                        
00002f91  __aeabi_memcpy8                        
00002f91  memcpy                                 
0000302d  LeftConvert                            
00003059  CenterConvert                          
00003085  RightConvert                           
000030b9  __aeabi_memclr                         
000030b9  __aeabi_memclr4                        
000030b9  __aeabi_memclr8                        
000030bb  __aeabi_memset                         
000030bb  __aeabi_memset4                        
000030bb  __aeabi_memset8                        
000030c1  memset                                 
00003133  __TI_decompress_lzss                   
0000319b  __aeabi_d2iz                           
000031e5  __TI_auto_init_nobinit_nopinit         
00003229  SysTick_Init                           
00003269  _c_int00_noargs                        
0000329d  __aeabi_i2d                            
000032cb  DisableInterrupts                      
000032d1  EnableInterrupts                       
000032d7  StartCritical                          
000032e1  EndCritical                            
000032e9  WaitForInterrupt                       
000032ef  __TI_decompress_none                   
000032fd  Reset_Handler                          
00003309  ADC14_IRQHandler                       
00003309  AES256_IRQHandler                      
00003309  BusFault_Handler                       
00003309  COMP_E0_IRQHandler                     
00003309  COMP_E1_IRQHandler                     
00003309  CS_IRQHandler                          
00003309  DMA_ERR_IRQHandler                     
00003309  DMA_INT0_IRQHandler                    
00003309  DMA_INT1_IRQHandler                    
00003309  DMA_INT2_IRQHandler                    
00003309  DMA_INT3_IRQHandler                    
00003309  DebugMon_Handler                       
00003309  Default_Handler                        
00003309  EUSCIA1_IRQHandler                     
00003309  EUSCIA3_IRQHandler                     
00003309  EUSCIB0_IRQHandler                     
00003309  EUSCIB1_IRQHandler                     
00003309  EUSCIB2_IRQHandler                     
00003309  EUSCIB3_IRQHandler                     
00003309  FLCTL_IRQHandler                       
00003309  FPU_IRQHandler                         
00003309  HardFault_Handler                      
00003309  MemManage_Handler                      
00003309  NMI_Handler                            
00003309  PCM_IRQHandler                         
00003309  PORT1_IRQHandler                       
00003309  PORT2_IRQHandler                       
00003309  PORT3_IRQHandler                       
00003309  PORT5_IRQHandler                       
00003309  PORT6_IRQHandler                       
00003309  PSS_IRQHandler                         
00003309  PendSV_Handler                         
00003309  RTC_C_IRQHandler                       
00003309  SVC_Handler                            
00003309  T32_INT2_IRQHandler                    
00003309  T32_INTC_IRQHandler                    
00003309  TA0_N_IRQHandler                       
00003309  TA1_N_IRQHandler                       
00003309  TA2_0_IRQHandler                       
00003309  UsageFault_Handler                     
00003309  WDT_A_IRQHandler                       
0000330b  __TI_zero_init                         
00003317  _system_pre_init                       
0000331b  C$$EXIT                                
0000331b  abort                                  
00003320  Mask                                   
00003340  Weight                                 
00003384  __TI_Handler_Table_Base                
00003390  __TI_Handler_Table_Limit               
00003398  __TI_CINIT_Base                        
000033a8  __TI_CINIT_Limit                       
20000000  __start___llvm_prf_cnts                
20000000  __stop___llvm_prf_cnts                 
20000000  x                                      
20001000  x2                                     
20002000  x3                                     
20003000  RxFIFO                                 
20003100  TxHistogram                            
20003240  RxHistogram                            
20003290  Messagec                               
2000329c  Center                                 
200032a0  I1                                     
200032a4  LPFSum                                 
200032a8  LPFSum2                                
200032ac  LPFSum3                                
200032b0  Messageindexc                          
200032b4  PeriodicTask2                          
200032b8  Pt                                     
200032bc  Pt2                                    
200032c0  Pt3                                    
200032c4  Right                                  
200032c8  RxFifoLost                             
200032cc  RxGetI                                 
200032d0  RxPutI                                 
200032d4  Size                                   
200032d8  Time                                   
200032dc  TimerA0Task                            
200032e0  TimerA1Task                            
200032e4  ctime                                  
200032e8  nc                                     
200032ec  nr                                     
200032f0  rtime                                  
200032f4  u1                                     
200032f8  u2                                     
200032fc  u3                                     
20003300  Tachometer_FirstLeftTime               
20003302  Tachometer_FirstRightTime              
20003304  Tachometer_SecondLeftTime              
20003306  Tachometer_SecondRightTime             
20003308  FWall                                  
20003309  LineReading                            
2000330a  LogicData                              
2000330b  RWall                                  
2000330c  Reflectanceresult                      
20003310  ClockFrequency                         
20003314  Prewait                                
20003318  CPMwait                                
2000331c  Postwait                               
20003320  IFlags                                 
20003324  Crystalstable                          
20003328  CaptureTask0                           
2000332c  CaptureTask1                           
20003330  CaptureTask2                           
20003334  TExaS_ScopeErrLostData                 
20003338  TExaS_ScopeErrConflict                 
2000333c  TExaS_ScopeWrnReconfig                 
20003340  accumulator                            
20003342  oldError                               
20003344  diff                                   
20003346  rRise                                  
20003347  cRise                                  
20003348  lRise                                  
20003349  prev                                   
2000334c  Tachometer_RightSteps                  
20003350  Tachometer_LeftSteps                   
20003354  Tachometer_RightDir                    
20003355  Tachometer_LeftDir                     
20003358  CaptureTaskk1                          
2000335c  CaptureTaskk2                          
20003360  SystemCoreClock                        
2000fe00  __stack                                
20010000  __STACK_END                            
4000480c  WDTCTL_SYM                             
ffffffff  __TI_pprof_out_hndl                    
ffffffff  __TI_prof_data_size                    
ffffffff  __TI_prof_data_start                   
ffffffff  __binit__                              
ffffffff  __c_args__                             
ffffffff  binit                                  
UNDEFED   __mpu_init                             
UNDEFED   _system_post_cinit                     

[332 symbols]
